Archive member included to satisfy reference by file (symbol)

f:/stm32_ide/stm32cubeide_1.11.2/stm32cubeide/plugins/com.st.stm32cube.ide.mcu.externaltools.gnu-tools-for-stm32.10.3-2021.10.win32_1.0.100.202210260954/tools/bin/../lib/gcc/arm-none-eabi/10.3.1/../../../../arm-none-eabi/lib/thumb/v7-m/nofp\libc_nano.a(lib_a-errno.o)
                              ./Core/Src/syscalls.o (__errno)
f:/stm32_ide/stm32cubeide_1.11.2/stm32cubeide/plugins/com.st.stm32cube.ide.mcu.externaltools.gnu-tools-for-stm32.10.3-2021.10.win32_1.0.100.202210260954/tools/bin/../lib/gcc/arm-none-eabi/10.3.1/../../../../arm-none-eabi/lib/thumb/v7-m/nofp\libc_nano.a(lib_a-exit.o)
                              f:/stm32_ide/stm32cubeide_1.11.2/stm32cubeide/plugins/com.st.stm32cube.ide.mcu.externaltools.gnu-tools-for-stm32.10.3-2021.10.win32_1.0.100.202210260954/tools/bin/../lib/gcc/arm-none-eabi/10.3.1/../../../../arm-none-eabi/lib/thumb/v7-m/nofp/crt0.o (exit)
f:/stm32_ide/stm32cubeide_1.11.2/stm32cubeide/plugins/com.st.stm32cube.ide.mcu.externaltools.gnu-tools-for-stm32.10.3-2021.10.win32_1.0.100.202210260954/tools/bin/../lib/gcc/arm-none-eabi/10.3.1/../../../../arm-none-eabi/lib/thumb/v7-m/nofp\libc_nano.a(lib_a-impure.o)
                              f:/stm32_ide/stm32cubeide_1.11.2/stm32cubeide/plugins/com.st.stm32cube.ide.mcu.externaltools.gnu-tools-for-stm32.10.3-2021.10.win32_1.0.100.202210260954/tools/bin/../lib/gcc/arm-none-eabi/10.3.1/../../../../arm-none-eabi/lib/thumb/v7-m/nofp\libc_nano.a(lib_a-exit.o) (_global_impure_ptr)
f:/stm32_ide/stm32cubeide_1.11.2/stm32cubeide/plugins/com.st.stm32cube.ide.mcu.externaltools.gnu-tools-for-stm32.10.3-2021.10.win32_1.0.100.202210260954/tools/bin/../lib/gcc/arm-none-eabi/10.3.1/../../../../arm-none-eabi/lib/thumb/v7-m/nofp\libc_nano.a(lib_a-init.o)
                              f:/stm32_ide/stm32cubeide_1.11.2/stm32cubeide/plugins/com.st.stm32cube.ide.mcu.externaltools.gnu-tools-for-stm32.10.3-2021.10.win32_1.0.100.202210260954/tools/bin/../lib/gcc/arm-none-eabi/10.3.1/../../../../arm-none-eabi/lib/thumb/v7-m/nofp/crt0.o (__libc_init_array)
f:/stm32_ide/stm32cubeide_1.11.2/stm32cubeide/plugins/com.st.stm32cube.ide.mcu.externaltools.gnu-tools-for-stm32.10.3-2021.10.win32_1.0.100.202210260954/tools/bin/../lib/gcc/arm-none-eabi/10.3.1/../../../../arm-none-eabi/lib/thumb/v7-m/nofp\libc_nano.a(lib_a-malloc.o)
                              ./Core/Src/lcd_i2c.o (malloc)
f:/stm32_ide/stm32cubeide_1.11.2/stm32cubeide/plugins/com.st.stm32cube.ide.mcu.externaltools.gnu-tools-for-stm32.10.3-2021.10.win32_1.0.100.202210260954/tools/bin/../lib/gcc/arm-none-eabi/10.3.1/../../../../arm-none-eabi/lib/thumb/v7-m/nofp\libc_nano.a(lib_a-memset.o)
                              f:/stm32_ide/stm32cubeide_1.11.2/stm32cubeide/plugins/com.st.stm32cube.ide.mcu.externaltools.gnu-tools-for-stm32.10.3-2021.10.win32_1.0.100.202210260954/tools/bin/../lib/gcc/arm-none-eabi/10.3.1/../../../../arm-none-eabi/lib/thumb/v7-m/nofp/crt0.o (memset)
f:/stm32_ide/stm32cubeide_1.11.2/stm32cubeide/plugins/com.st.stm32cube.ide.mcu.externaltools.gnu-tools-for-stm32.10.3-2021.10.win32_1.0.100.202210260954/tools/bin/../lib/gcc/arm-none-eabi/10.3.1/../../../../arm-none-eabi/lib/thumb/v7-m/nofp\libc_nano.a(lib_a-nano-freer.o)
                              f:/stm32_ide/stm32cubeide_1.11.2/stm32cubeide/plugins/com.st.stm32cube.ide.mcu.externaltools.gnu-tools-for-stm32.10.3-2021.10.win32_1.0.100.202210260954/tools/bin/../lib/gcc/arm-none-eabi/10.3.1/../../../../arm-none-eabi/lib/thumb/v7-m/nofp\libc_nano.a(lib_a-malloc.o) (_free_r)
f:/stm32_ide/stm32cubeide_1.11.2/stm32cubeide/plugins/com.st.stm32cube.ide.mcu.externaltools.gnu-tools-for-stm32.10.3-2021.10.win32_1.0.100.202210260954/tools/bin/../lib/gcc/arm-none-eabi/10.3.1/../../../../arm-none-eabi/lib/thumb/v7-m/nofp\libc_nano.a(lib_a-nano-mallocr.o)
                              f:/stm32_ide/stm32cubeide_1.11.2/stm32cubeide/plugins/com.st.stm32cube.ide.mcu.externaltools.gnu-tools-for-stm32.10.3-2021.10.win32_1.0.100.202210260954/tools/bin/../lib/gcc/arm-none-eabi/10.3.1/../../../../arm-none-eabi/lib/thumb/v7-m/nofp\libc_nano.a(lib_a-malloc.o) (_malloc_r)
f:/stm32_ide/stm32cubeide_1.11.2/stm32cubeide/plugins/com.st.stm32cube.ide.mcu.externaltools.gnu-tools-for-stm32.10.3-2021.10.win32_1.0.100.202210260954/tools/bin/../lib/gcc/arm-none-eabi/10.3.1/../../../../arm-none-eabi/lib/thumb/v7-m/nofp\libc_nano.a(lib_a-sbrkr.o)
                              f:/stm32_ide/stm32cubeide_1.11.2/stm32cubeide/plugins/com.st.stm32cube.ide.mcu.externaltools.gnu-tools-for-stm32.10.3-2021.10.win32_1.0.100.202210260954/tools/bin/../lib/gcc/arm-none-eabi/10.3.1/../../../../arm-none-eabi/lib/thumb/v7-m/nofp\libc_nano.a(lib_a-nano-mallocr.o) (_sbrk_r)
[...]
Memory Configuration

Name             Origin             Length             Attributes
RAM              0x0000000020000000 0x0000000000005000 xrw
FLASH            0x0000000008000000 0x0000000000020000 xr
*default*        0x0000000000000000 0xffffffffffffffff

Linker script and memory map

LOAD f:/stm32_ide/stm32cubeide_1.11.2/stm32cubeide/plugins/com.st.stm32cube.ide.mcu.externaltools.gnu-tools-for-stm32.10.3-2021.10.win32_1.0.100.202210260954/tools/bin/../lib/gcc/arm-none-eabi/10.3.1/thumb/v7-m/nofp/crti.o
LOAD f:/stm32_ide/stm32cubeide_1.11.2/stm32cubeide/plugins/com.st.stm32cube.ide.mcu.externaltools.gnu-tools-for-stm32.10.3-2021.10.win32_1.0.100.202210260954/tools/bin/../lib/gcc/arm-none-eabi/10.3.1/thumb/v7-m/nofp/crtbegin.o
LOAD f:/stm32_ide/stm32cubeide_1.11.2/stm32cubeide/plugins/com.st.stm32cube.ide.mcu.externaltools.gnu-tools-for-stm32.10.3-2021.10.win32_1.0.100.202210260954/tools/bin/../lib/gcc/arm-none-eabi/10.3.1/../../../../arm-none-eabi/lib/thumb/v7-m/nofp/crt0.o
LOAD ./Core/Src/DHT.o
LOAD ./Core/Src/ds130x.o
LOAD ./Core/Src/fsm.o
LOAD ./Core/Src/global.o
LOAD ./Core/Src/input.o
LOAD ./Core/Src/lcd_i2c.o
LOAD ./Core/Src/main.o
LOAD ./Core/Src/stm32f1xx_hal_msp.o
LOAD ./Core/Src/stm32f1xx_it.o
LOAD ./Core/Src/syscalls.o
LOAD ./Core/Src/sysmem.o
LOAD ./Core/Src/system_stm32f1xx.o
LOAD ./Core/Src/timer.o
LOAD ./Core/Startup/startup_stm32f103rbtx.o
LOAD ./Drivers/STM32F1xx_HAL_Driver/Src/stm32f1xx_hal.o
LOAD ./Drivers/STM32F1xx_HAL_Driver/Src/stm32f1xx_hal_cortex.o
LOAD ./Drivers/STM32F1xx_HAL_Driver/Src/stm32f1xx_hal_dma.o
LOAD ./Drivers/STM32F1xx_HAL_Driver/Src/stm32f1xx_hal_exti.o
LOAD ./Drivers/STM32F1xx_HAL_Driver/Src/stm32f1xx_hal_flash.o
LOAD ./Drivers/STM32F1xx_HAL_Driver/Src/stm32f1xx_hal_flash_ex.o
LOAD ./Drivers/STM32F1xx_HAL_Driver/Src/stm32f1xx_hal_gpio.o
LOAD ./Drivers/STM32F1xx_HAL_Driver/Src/stm32f1xx_hal_gpio_ex.o
LOAD ./Drivers/STM32F1xx_HAL_Driver/Src/stm32f1xx_hal_i2c.o
LOAD ./Drivers/STM32F1xx_HAL_Driver/Src/stm32f1xx_hal_pwr.o
LOAD ./Drivers/STM32F1xx_HAL_Driver/Src/stm32f1xx_hal_rcc.o
LOAD ./Drivers/STM32F1xx_HAL_Driver/Src/stm32f1xx_hal_rcc_ex.o
LOAD ./Drivers/STM32F1xx_HAL_Driver/Src/stm32f1xx_hal_tim.o
LOAD ./Drivers/STM32F1xx_HAL_Driver/Src/stm32f1xx_hal_tim_ex.o
START GROUP
LOAD f:/stm32_ide/stm32cubeide_1.11.2/stm32cubeide/plugins/com.st.stm32cube.ide.mcu.externaltools.gnu-tools-for-stm32.10.3-2021.10.win32_1.0.100.202210260954/tools/bin/../lib/gcc/arm-none-eabi/10.3.1/../../../../arm-none-eabi/lib/thumb/v7-m/nofp\libc_nano.a
LOAD f:/stm32_ide/stm32cubeide_1.11.2/stm32cubeide/plugins/com.st.stm32cube.ide.mcu.externaltools.gnu-tools-for-stm32.10.3-2021.10.win32_1.0.100.202210260954/tools/bin/../lib/gcc/arm-none-eabi/10.3.1/../../../../arm-none-eabi/lib/thumb/v7-m/nofp\libm.a
END GROUP
START GROUP
LOAD f:/stm32_ide/stm32cubeide_1.11.2/stm32cubeide/plugins/com.st.stm32cube.ide.mcu.externaltools.gnu-tools-for-stm32.10.3-2021.10.win32_1.0.100.202210260954/tools/bin/../lib/gcc/arm-none-eabi/10.3.1/thumb/v7-m/nofp\libgcc.a
LOAD f:/stm32_ide/stm32cubeide_1.11.2/stm32cubeide/plugins/com.st.stm32cube.ide.mcu.externaltools.gnu-tools-for-stm32.10.3-2021.10.win32_1.0.100.202210260954/tools/bin/../lib/gcc/arm-none-eabi/10.3.1/../../../../arm-none-eabi/lib/thumb/v7-m/nofp\libc_nano.a
END GROUP
START GROUP
LOAD f:/stm32_ide/stm32cubeide_1.11.2/stm32cubeide/plugins/com.st.stm32cube.ide.mcu.externaltools.gnu-tools-for-stm32.10.3-2021.10.win32_1.0.100.202210260954/tools/bin/../lib/gcc/arm-none-eabi/10.3.1/thumb/v7-m/nofp\libgcc.a
LOAD f:/stm32_ide/stm32cubeide_1.11.2/stm32cubeide/plugins/com.st.stm32cube.ide.mcu.externaltools.gnu-tools-for-stm32.10.3-2021.10.win32_1.0.100.202210260954/tools/bin/../lib/gcc/arm-none-eabi/10.3.1/../../../../arm-none-eabi/lib/thumb/v7-m/nofp\libc_nano.a
LOAD f:/stm32_ide/stm32cubeide_1.11.2/stm32cubeide/plugins/com.st.stm32cube.ide.mcu.externaltools.gnu-tools-for-stm32.10.3-2021.10.win32_1.0.100.202210260954/tools/bin/../lib/gcc/arm-none-eabi/10.3.1/../../../../arm-none-eabi/lib/thumb/v7-m/nofp\libnosys.a
END GROUP
START GROUP
LOAD f:/stm32_ide/stm32cubeide_1.11.2/stm32cubeide/plugins/com.st.stm32cube.ide.mcu.externaltools.gnu-tools-for-stm32.10.3-2021.10.win32_1.0.100.202210260954/tools/bin/../lib/gcc/arm-none-eabi/10.3.1/thumb/v7-m/nofp\libgcc.a
LOAD f:/stm32_ide/stm32cubeide_1.11.2/stm32cubeide/plugins/com.st.stm32cube.ide.mcu.externaltools.gnu-tools-for-stm32.10.3-2021.10.win32_1.0.100.202210260954/tools/bin/../lib/gcc/arm-none-eabi/10.3.1/../../../../arm-none-eabi/lib/thumb/v7-m/nofp\libc_nano.a
LOAD f:/stm32_ide/stm32cubeide_1.11.2/stm32cubeide/plugins/com.st.stm32cube.ide.mcu.externaltools.gnu-tools-for-stm32.10.3-2021.10.win32_1.0.100.202210260954/tools/bin/../lib/gcc/arm-none-eabi/10.3.1/../../../../arm-none-eabi/lib/thumb/v7-m/nofp\libnosys.a
END GROUP
LOAD f:/stm32_ide/stm32cubeide_1.11.2/stm32cubeide/plugins/com.st.stm32cube.ide.mcu.externaltools.gnu-tools-for-stm32.10.3-2021.10.win32_1.0.100.202210260954/tools/bin/../lib/gcc/arm-none-eabi/10.3.1/thumb/v7-m/nofp/crtend.o
LOAD f:/stm32_ide/stm32cubeide_1.11.2/stm32cubeide/plugins/com.st.stm32cube.ide.mcu.externaltools.gnu-tools-for-stm32.10.3-2021.10.win32_1.0.100.202210260954/tools/bin/../lib/gcc/arm-none-eabi/10.3.1/thumb/v7-m/nofp/crtn.o
                0x0000000020005000                _estack = (ORIGIN (RAM) + LENGTH (RAM))
                0x0000000000000200                _Min_Heap_Size = 0x200
                0x0000000000000400                _Min_Stack_Size = 0x400

.isr_vector     0x0000000008000000      0x10c
                0x0000000008000000                . = ALIGN (0x4)
 *(.isr_vector)
 .isr_vector    0x0000000008000000      0x10c ./Core/Startup/startup_stm32f103rbtx.o
                0x0000000008000000                g_pfnVectors
                0x000000000800010c                . = ALIGN (0x4)

.text           0x000000000800010c     0x6de0
                0x000000000800010c                . = ALIGN (0x4)
 *(.text)
 .text          0x000000000800010c       0x40 f:/stm32_ide/stm32cubeide_1.11.2/stm32cubeide/plugins/com.st.stm32cube.ide.mcu.externaltools.gnu-tools-for-stm32.10.3-2021.10.win32_1.0.100.202210260954/tools/bin/../lib/gcc/arm-none-eabi/10.3.1/thumb/v7-m/nofp/crtbegin.o
 .text          0x000000000800014c      0x168 f:/stm32_ide/stm32cubeide_1.11.2/stm32cubeide/plugins/com.st.stm32cube.ide.mcu.externaltools.gnu-tools-for-stm32.10.3-2021.10.win32_1.0.100.202210260954/tools/bin/../lib/gcc/arm-none-eabi/10.3.1/thumb/v7-m/nofp\libgcc.a(_arm_mulsf3.o)
                0x000000000800014c                __aeabi_fmul
                0x000000000800014c                __mulsf3
 .text          0x00000000080002b4      0x21c f:/stm32_ide/stm32cubeide_1.11.2/stm32cubeide/plugins/com.st.stm32cube.ide.mcu.externaltools.gnu-tools-for-stm32.10.3-2021.10.win32_1.0.100.202210260954/tools/bin/../lib/gcc/arm-none-eabi/10.3.1/thumb/v7-m/nofp\libgcc.a(_arm_addsubsf3.o)
                0x00000000080002b4                __aeabi_frsub
                0x00000000080002bc                __subsf3
                0x00000000080002bc                __aeabi_fsub
                0x00000000080002c0                __aeabi_fadd
                0x00000000080002c0                __addsf3
                0x0000000008000420                __aeabi_ui2f
                0x0000000008000420                __floatunsisf
                0x0000000008000428                __aeabi_i2f
                0x0000000008000428                __floatsisf
                0x0000000008000444                __aeabi_ul2f
                0x0000000008000444                __floatundisf
                0x0000000008000454                __aeabi_l2f
                0x0000000008000454                __floatdisf
 .text          0x00000000080004d0       0xec f:/stm32_ide/stm32cubeide_1.11.2/stm32cubeide/plugins/com.st.stm32cube.ide.mcu.externaltools.gnu-tools-for-stm32.10.3-2021.10.win32_1.0.100.202210260954/tools/bin/../lib/gcc/arm-none-eabi/10.3.1/thumb/v7-m/nofp\libgcc.a(_arm_cmpsf2.o)
                0x00000000080004d0                __gesf2
                0x00000000080004d0                __gtsf2
                0x00000000080004d8                __lesf2
                0x00000000080004d8                __ltsf2
                0x00000000080004e0                __nesf2
                0x00000000080004e0                __eqsf2
                0x00000000080004e0                __cmpsf2
                0x0000000008000540                __aeabi_cfrcmple
                0x0000000008000548                __aeabi_cfcmpeq
                0x0000000008000548                __aeabi_cfcmple
                0x0000000008000558                __aeabi_fcmpeq
                0x000000000800056c                __aeabi_fcmplt
                0x0000000008000580                __aeabi_fcmple
                0x0000000008000594                __aeabi_fcmpge
                0x00000000080005a8                __aeabi_fcmpgt
 .text          0x00000000080005bc       0x40 f:/stm32_ide/stm32cubeide_1.11.2/stm32cubeide/plugins/com.st.stm32cube.ide.mcu.externaltools.gnu-tools-for-stm32.10.3-2021.10.win32_1.0.100.202210260954/tools/bin/../lib/gcc/arm-none-eabi/10.3.1/thumb/v7-m/nofp\libgcc.a(_arm_fixunssfsi.o)
                0x00000000080005bc                __fixunssfsi
                0x00000000080005bc                __aeabi_f2uiz
 *(.text*)
 .text.SetPinOut
                0x00000000080005fc       0x40 ./Core/Src/DHT.o
                0x00000000080005fc                SetPinOut
 .text.WritePin
                0x000000000800063c       0x28 ./Core/Src/DHT.o
 .text.DHT_Init
                0x0000000008000664       0x48 ./Core/Src/DHT.o
                0x0000000008000664                DHT_Init
 .text.DHT_Read
                0x00000000080006ac        0xe ./Core/Src/DHT.o
                0x00000000080006ac                DHT_Read
 *fill*         0x00000000080006ba        0x2 
 .text.DHT_GetTemp
                0x00000000080006bc       0x14 ./Core/Src/DHT.o
                0x00000000080006bc                DHT_GetTemp
 .text.DHT_GetHumi
                0x00000000080006d0       0x14 ./Core/Src/DHT.o
                0x00000000080006d0                DHT_GetHumi
 .text.BCD2DEC  0x00000000080006e4       0x34 ./Core/Src/ds130x.o
                0x00000000080006e4                BCD2DEC
 .text.DS_Init  0x0000000008000718       0x1c ./Core/Src/ds130x.o
                0x0000000008000718                DS_Init
 .text.DS_Write
                0x0000000008000734       0x3c ./Core/Src/ds130x.o
                0x0000000008000734                DS_Write
 .text.DS_Read  0x0000000008000770       0x50 ./Core/Src/ds130x.o
                0x0000000008000770                DS_Read
 .text.DS_SetupTimForFirstProgram
                0x00000000080007c0       0x6e ./Core/Src/ds130x.o
                0x00000000080007c0                DS_SetupTimForFirstProgram
 *fill*         0x000000000800082e        0x2 
 .text.ReadTimeDs1307
                0x0000000008000830       0x98 ./Core/Src/fsm.o
                0x0000000008000830                ReadTimeDs1307
 .text.ConvertWeekdayToStr
                0x00000000080008c8       0x7c ./Core/Src/fsm.o
                0x00000000080008c8                ConvertWeekdayToStr
 .text.FSM_Init
                0x0000000008000944       0x20 ./Core/Src/fsm.o
                0x0000000008000944                FSM_Init
 .text.FSM_SystemControl
                0x0000000008000964      0xcf0 ./Core/Src/fsm.o
                0x0000000008000964                FSM_SystemControl
 .text.IN_Init  0x0000000008001654        0xc ./Core/Src/input.o
                0x0000000008001654                IN_Init
 .text.IN_ReadButton
                0x0000000008001660       0xa0 ./Core/Src/input.o
                0x0000000008001660                IN_ReadButton
 .text.IN_Stick
                0x0000000008001700       0x20 ./Core/Src/input.o
                0x0000000008001700                IN_Stick
 .text.IN_IsPressed
                0x0000000008001720       0x28 ./Core/Src/input.o
                0x0000000008001720                IN_IsPressed
 .text.IN_IsPressed_ms
                0x0000000008001748       0x4c ./Core/Src/input.o
                0x0000000008001748                IN_IsPressed_ms
 .text.Delay    0x0000000008001794       0x1a ./Core/Src/lcd_i2c.o
 *fill*         0x00000000080017ae        0x2 
 .text.WriteI2C
                0x00000000080017b0       0x94 ./Core/Src/lcd_i2c.o
 .text.CLCD_Init
                0x0000000008001844      0x14c ./Core/Src/lcd_i2c.o
                0x0000000008001844                CLCD_Init
 .text.SetCursor
                0x0000000008001990       0x90 ./Core/Src/lcd_i2c.o
                0x0000000008001990                SetCursor
 .text.UpdateCharBuffer
                0x0000000008001a20       0x50 ./Core/Src/lcd_i2c.o
                0x0000000008001a20                UpdateCharBuffer
 .text.CLCD_PrintCharBuffer
                0x0000000008001a70       0x78 ./Core/Src/lcd_i2c.o
                0x0000000008001a70                CLCD_PrintCharBuffer
 .text.CLCD_PrintStringBuffer
                0x0000000008001ae8       0x6c ./Core/Src/lcd_i2c.o
                0x0000000008001ae8                CLCD_PrintStringBuffer
 .text.CLCD_PrintNumBuffer
                0x0000000008001b54       0xe8 ./Core/Src/lcd_i2c.o
                0x0000000008001b54                CLCD_PrintNumBuffer
 .text.CLCD_PrintFloatBuffer
                0x0000000008001c3c       0xe4 ./Core/Src/lcd_i2c.o
                0x0000000008001c3c                CLCD_PrintFloatBuffer
 .text.CLCD_DisplayScreen
                0x0000000008001d20       0x6c ./Core/Src/lcd_i2c.o
                0x0000000008001d20                CLCD_DisplayScreen
 .text.CLCD_CreateChar
                0x0000000008001d8c       0x4a ./Core/Src/lcd_i2c.o
                0x0000000008001d8c                CLCD_CreateChar
 *fill*         0x0000000008001dd6        0x2 
 .text.CLCD_InitBigDigit
                0x0000000008001dd8       0x5c ./Core/Src/lcd_i2c.o
                0x0000000008001dd8                CLCD_InitBigDigit
 .text.CLCD_PrintBigDigitBuffer
                0x0000000008001e34      0x2d4 ./Core/Src/lcd_i2c.o
                0x0000000008001e34                CLCD_PrintBigDigitBuffer
 .text.CLCD_PrintBigNumBuffer
                0x0000000008002108       0x84 ./Core/Src/lcd_i2c.o
                0x0000000008002108                CLCD_PrintBigNumBuffer
 .text.main     0x000000000800218c       0xe0 ./Core/Src/main.o
                0x000000000800218c                main
 .text.SystemClock_Config
                0x000000000800226c       0x8a ./Core/Src/main.o
                0x000000000800226c                SystemClock_Config
 *fill*         0x00000000080022f6        0x2 
 .text.MX_I2C1_Init
                0x00000000080022f8       0x5c ./Core/Src/main.o
 .text.MX_TIM2_Init
                0x0000000008002354       0x98 ./Core/Src/main.o
 .text.MX_TIM3_Init
                0x00000000080023ec       0x9c ./Core/Src/main.o
 .text.MX_GPIO_Init
                0x0000000008002488       0xd8 ./Core/Src/main.o
 .text.Error_Handler
                0x0000000008002560        0xa ./Core/Src/main.o
                0x0000000008002560                Error_Handler
 *fill*         0x000000000800256a        0x2 
 .text.HAL_MspInit
                0x000000000800256c       0x64 ./Core/Src/stm32f1xx_hal_msp.o
                0x000000000800256c                HAL_MspInit
 .text.HAL_I2C_MspInit
                0x00000000080025d0       0xc0 ./Core/Src/stm32f1xx_hal_msp.o
                0x00000000080025d0                HAL_I2C_MspInit
 .text.HAL_TIM_Base_MspInit
                0x0000000008002690       0x70 ./Core/Src/stm32f1xx_hal_msp.o
                0x0000000008002690                HAL_TIM_Base_MspInit
 .text.NMI_Handler
                0x0000000008002700        0x6 ./Core/Src/stm32f1xx_it.o
                0x0000000008002700                NMI_Handler
 .text.HardFault_Handler
                0x0000000008002706        0x6 ./Core/Src/stm32f1xx_it.o
                0x0000000008002706                HardFault_Handler
 .text.MemManage_Handler
                0x000000000800270c        0x6 ./Core/Src/stm32f1xx_it.o
                0x000000000800270c                MemManage_Handler
 .text.BusFault_Handler
                0x0000000008002712        0x6 ./Core/Src/stm32f1xx_it.o
                0x0000000008002712                BusFault_Handler
 .text.UsageFault_Handler
                0x0000000008002718        0x6 ./Core/Src/stm32f1xx_it.o
                0x0000000008002718                UsageFault_Handler
 .text.SVC_Handler
                0x000000000800271e        0xc ./Core/Src/stm32f1xx_it.o
                0x000000000800271e                SVC_Handler
 .text.DebugMon_Handler
                0x000000000800272a        0xc ./Core/Src/stm32f1xx_it.o
                0x000000000800272a                DebugMon_Handler
 .text.PendSV_Handler
                0x0000000008002736        0xc ./Core/Src/stm32f1xx_it.o
                0x0000000008002736                PendSV_Handler
 .text.SysTick_Handler
                0x0000000008002742        0xc ./Core/Src/stm32f1xx_it.o
                0x0000000008002742                SysTick_Handler
 *fill*         0x000000000800274e        0x2 
 .text.TIM2_IRQHandler
                0x0000000008002750       0x14 ./Core/Src/stm32f1xx_it.o
                0x0000000008002750                TIM2_IRQHandler
 .text.I2C1_EV_IRQHandler
                0x0000000008002764       0x14 ./Core/Src/stm32f1xx_it.o
                0x0000000008002764                I2C1_EV_IRQHandler
 .text.I2C1_ER_IRQHandler
                0x0000000008002778       0x14 ./Core/Src/stm32f1xx_it.o
                0x0000000008002778                I2C1_ER_IRQHandler
 .text._sbrk    0x000000000800278c       0x6c ./Core/Src/sysmem.o
                0x000000000800278c                _sbrk
 .text.SystemInit
                0x00000000080027f8        0xc ./Core/Src/system_stm32f1xx.o
                0x00000000080027f8                SystemInit
 .text.RunSoftwareTimer
                0x0000000008002804       0x44 ./Core/Src/timer.o
                0x0000000008002804                RunSoftwareTimer
 .text.HAL_TIM_PeriodElapsedCallback
                0x0000000008002848       0x28 ./Core/Src/timer.o
                0x0000000008002848                HAL_TIM_PeriodElapsedCallback
 .text.TM_Init  0x0000000008002870       0x40 ./Core/Src/timer.o
                0x0000000008002870                TM_Init
 .text.TM_SetTime
                0x00000000080028b0       0x44 ./Core/Src/timer.o
                0x00000000080028b0                TM_SetTime
 .text.TM_IsFlag
                0x00000000080028f4       0x24 ./Core/Src/timer.o
                0x00000000080028f4                TM_IsFlag
 .text.Reset_Handler
                0x0000000008002918       0x48 ./Core/Startup/startup_stm32f103rbtx.o
                0x0000000008002918                Reset_Handler
 .text.Default_Handler
                0x0000000008002960        0x2 ./Core/Startup/startup_stm32f103rbtx.o
                0x0000000008002960                RTC_Alarm_IRQHandler
                0x0000000008002960                EXTI2_IRQHandler
                0x0000000008002960                TIM1_CC_IRQHandler
                0x0000000008002960                PVD_IRQHandler
                0x0000000008002960                EXTI3_IRQHandler
                0x0000000008002960                EXTI0_IRQHandler
                0x0000000008002960                I2C2_EV_IRQHandler
                0x0000000008002960                ADC1_2_IRQHandler
                0x0000000008002960                SPI1_IRQHandler
                0x0000000008002960                TAMPER_IRQHandler
                0x0000000008002960                DMA1_Channel4_IRQHandler
                0x0000000008002960                USART3_IRQHandler
                0x0000000008002960                RTC_IRQHandler
                0x0000000008002960                DMA1_Channel7_IRQHandler
                0x0000000008002960                CAN1_RX1_IRQHandler
                0x0000000008002960                TIM4_IRQHandler
                0x0000000008002960                DMA1_Channel6_IRQHandler
                0x0000000008002960                TIM3_IRQHandler
                0x0000000008002960                RCC_IRQHandler
                0x0000000008002960                TIM1_TRG_COM_IRQHandler
                0x0000000008002960                DMA1_Channel1_IRQHandler
                0x0000000008002960                Default_Handler
                0x0000000008002960                EXTI15_10_IRQHandler
                0x0000000008002960                EXTI9_5_IRQHandler
                0x0000000008002960                SPI2_IRQHandler
                0x0000000008002960                DMA1_Channel5_IRQHandler
                0x0000000008002960                EXTI4_IRQHandler
                0x0000000008002960                USB_LP_CAN1_RX0_IRQHandler
                0x0000000008002960                USB_HP_CAN1_TX_IRQHandler
                0x0000000008002960                DMA1_Channel3_IRQHandler
                0x0000000008002960                TIM1_UP_IRQHandler
                0x0000000008002960                WWDG_IRQHandler
                0x0000000008002960                TIM1_BRK_IRQHandler
                0x0000000008002960                EXTI1_IRQHandler
                0x0000000008002960                USART2_IRQHandler
                0x0000000008002960                I2C2_ER_IRQHandler
                0x0000000008002960                DMA1_Channel2_IRQHandler
                0x0000000008002960                CAN1_SCE_IRQHandler
                0x0000000008002960                FLASH_IRQHandler
                0x0000000008002960                USART1_IRQHandler
                0x0000000008002960                USBWakeUp_IRQHandler
 *fill*         0x0000000008002962        0x2 
 .text.HAL_Init
                0x0000000008002964       0x2c ./Drivers/STM32F1xx_HAL_Driver/Src/stm32f1xx_hal.o
                0x0000000008002964                HAL_Init
 .text.HAL_InitTick
                0x0000000008002990       0x60 ./Drivers/STM32F1xx_HAL_Driver/Src/stm32f1xx_hal.o
                0x0000000008002990                HAL_InitTick
 .text.HAL_IncTick
                0x00000000080029f0       0x24 ./Drivers/STM32F1xx_HAL_Driver/Src/stm32f1xx_hal.o
                0x00000000080029f0                HAL_IncTick
 .text.HAL_GetTick
                0x0000000008002a14       0x14 ./Drivers/STM32F1xx_HAL_Driver/Src/stm32f1xx_hal.o
                0x0000000008002a14                HAL_GetTick
 .text.HAL_Delay
                0x0000000008002a28       0x48 ./Drivers/STM32F1xx_HAL_Driver/Src/stm32f1xx_hal.o
                0x0000000008002a28                HAL_Delay
 .text.__NVIC_SetPriorityGrouping
                0x0000000008002a70       0x48 ./Drivers/STM32F1xx_HAL_Driver/Src/stm32f1xx_hal_cortex.o
 .text.__NVIC_GetPriorityGrouping
                0x0000000008002ab8       0x1c ./Drivers/STM32F1xx_HAL_Driver/Src/stm32f1xx_hal_cortex.o
 .text.__NVIC_EnableIRQ
                0x0000000008002ad4       0x38 ./Drivers/STM32F1xx_HAL_Driver/Src/stm32f1xx_hal_cortex.o
 .text.__NVIC_SetPriority
                0x0000000008002b0c       0x54 ./Drivers/STM32F1xx_HAL_Driver/Src/stm32f1xx_hal_cortex.o
 .text.NVIC_EncodePriority
                0x0000000008002b60       0x64 ./Drivers/STM32F1xx_HAL_Driver/Src/stm32f1xx_hal_cortex.o
 .text.SysTick_Config
                0x0000000008002bc4       0x44 ./Drivers/STM32F1xx_HAL_Driver/Src/stm32f1xx_hal_cortex.o
 .text.HAL_NVIC_SetPriorityGrouping
                0x0000000008002c08       0x16 ./Drivers/STM32F1xx_HAL_Driver/Src/stm32f1xx_hal_cortex.o
                0x0000000008002c08                HAL_NVIC_SetPriorityGrouping
 .text.HAL_NVIC_SetPriority
                0x0000000008002c1e       0x38 ./Drivers/STM32F1xx_HAL_Driver/Src/stm32f1xx_hal_cortex.o
                0x0000000008002c1e                HAL_NVIC_SetPriority
 .text.HAL_NVIC_EnableIRQ
                0x0000000008002c56       0x1c ./Drivers/STM32F1xx_HAL_Driver/Src/stm32f1xx_hal_cortex.o
                0x0000000008002c56                HAL_NVIC_EnableIRQ
 .text.HAL_SYSTICK_Config
                0x0000000008002c72       0x18 ./Drivers/STM32F1xx_HAL_Driver/Src/stm32f1xx_hal_cortex.o
                0x0000000008002c72                HAL_SYSTICK_Config
 *fill*         0x0000000008002c8a        0x2 
 .text.HAL_DMA_Abort_IT
                0x0000000008002c8c       0xec ./Drivers/STM32F1xx_HAL_Driver/Src/stm32f1xx_hal_dma.o
                0x0000000008002c8c                HAL_DMA_Abort_IT
 .text.HAL_DMA_GetState
                0x0000000008002d78       0x18 ./Drivers/STM32F1xx_HAL_Driver/Src/stm32f1xx_hal_dma.o
                0x0000000008002d78                HAL_DMA_GetState
 .text.HAL_GPIO_Init
                0x0000000008002d90      0x308 ./Drivers/STM32F1xx_HAL_Driver/Src/stm32f1xx_hal_gpio.o
                0x0000000008002d90                HAL_GPIO_Init
 .text.HAL_GPIO_ReadPin
                0x0000000008003098       0x2e ./Drivers/STM32F1xx_HAL_Driver/Src/stm32f1xx_hal_gpio.o
                0x0000000008003098                HAL_GPIO_ReadPin
 .text.HAL_GPIO_WritePin
                0x00000000080030c6       0x30 ./Drivers/STM32F1xx_HAL_Driver/Src/stm32f1xx_hal_gpio.o
                0x00000000080030c6                HAL_GPIO_WritePin
 *fill*         0x00000000080030f6        0x2 
 .text.HAL_I2C_Init
                0x00000000080030f8      0x288 ./Drivers/STM32F1xx_HAL_Driver/Src/stm32f1xx_hal_i2c.o
                0x00000000080030f8                HAL_I2C_Init
 .text.HAL_I2C_Master_Transmit
                0x0000000008003380      0x1fc ./Drivers/STM32F1xx_HAL_Driver/Src/stm32f1xx_hal_i2c.o
                0x0000000008003380                HAL_I2C_Master_Transmit
 .text.HAL_I2C_Master_Receive
                0x000000000800357c      0x4c0 ./Drivers/STM32F1xx_HAL_Driver/Src/stm32f1xx_hal_i2c.o
                0x000000000800357c                HAL_I2C_Master_Receive
 .text.HAL_I2C_EV_IRQHandler
                0x0000000008003a3c      0x2e2 ./Drivers/STM32F1xx_HAL_Driver/Src/stm32f1xx_hal_i2c.o
                0x0000000008003a3c                HAL_I2C_EV_IRQHandler
 .text.HAL_I2C_ER_IRQHandler
                0x0000000008003d1e      0x15e ./Drivers/STM32F1xx_HAL_Driver/Src/stm32f1xx_hal_i2c.o
                0x0000000008003d1e                HAL_I2C_ER_IRQHandler
 .text.HAL_I2C_MasterTxCpltCallback
                0x0000000008003e7c       0x12 ./Drivers/STM32F1xx_HAL_Driver/Src/stm32f1xx_hal_i2c.o
                0x0000000008003e7c                HAL_I2C_MasterTxCpltCallback
 .text.HAL_I2C_MasterRxCpltCallback
                0x0000000008003e8e       0x12 ./Drivers/STM32F1xx_HAL_Driver/Src/stm32f1xx_hal_i2c.o
                0x0000000008003e8e                HAL_I2C_MasterRxCpltCallback
 .text.HAL_I2C_SlaveTxCpltCallback
                0x0000000008003ea0       0x12 ./Drivers/STM32F1xx_HAL_Driver/Src/stm32f1xx_hal_i2c.o
                0x0000000008003ea0                HAL_I2C_SlaveTxCpltCallback
 .text.HAL_I2C_SlaveRxCpltCallback
                0x0000000008003eb2       0x12 ./Drivers/STM32F1xx_HAL_Driver/Src/stm32f1xx_hal_i2c.o
                0x0000000008003eb2                HAL_I2C_SlaveRxCpltCallback
 .text.HAL_I2C_AddrCallback
                0x0000000008003ec4       0x1a ./Drivers/STM32F1xx_HAL_Driver/Src/stm32f1xx_hal_i2c.o
                0x0000000008003ec4                HAL_I2C_AddrCallback
 .text.HAL_I2C_ListenCpltCallback
                0x0000000008003ede       0x12 ./Drivers/STM32F1xx_HAL_Driver/Src/stm32f1xx_hal_i2c.o
                0x0000000008003ede                HAL_I2C_ListenCpltCallback
 .text.HAL_I2C_MemTxCpltCallback
                0x0000000008003ef0       0x12 ./Drivers/STM32F1xx_HAL_Driver/Src/stm32f1xx_hal_i2c.o
                0x0000000008003ef0                HAL_I2C_MemTxCpltCallback
 .text.HAL_I2C_MemRxCpltCallback
                0x0000000008003f02       0x12 ./Drivers/STM32F1xx_HAL_Driver/Src/stm32f1xx_hal_i2c.o
                0x0000000008003f02                HAL_I2C_MemRxCpltCallback
 .text.HAL_I2C_ErrorCallback
                0x0000000008003f14       0x12 ./Drivers/STM32F1xx_HAL_Driver/Src/stm32f1xx_hal_i2c.o
                0x0000000008003f14                HAL_I2C_ErrorCallback
 .text.HAL_I2C_AbortCpltCallback
                0x0000000008003f26       0x12 ./Drivers/STM32F1xx_HAL_Driver/Src/stm32f1xx_hal_i2c.o
                0x0000000008003f26                HAL_I2C_AbortCpltCallback
 .text.I2C_MasterTransmit_TXE
                0x0000000008003f38      0x138 ./Drivers/STM32F1xx_HAL_Driver/Src/stm32f1xx_hal_i2c.o
 .text.I2C_MasterTransmit_BTF
                0x0000000008004070       0xec ./Drivers/STM32F1xx_HAL_Driver/Src/stm32f1xx_hal_i2c.o
 .text.I2C_MemoryTransmit_TXE_BTF
                0x000000000800415c      0x128 ./Drivers/STM32F1xx_HAL_Driver/Src/stm32f1xx_hal_i2c.o
 .text.I2C_MasterReceive_RXNE
                0x0000000008004284      0x162 ./Drivers/STM32F1xx_HAL_Driver/Src/stm32f1xx_hal_i2c.o
 .text.I2C_MasterReceive_BTF
                0x00000000080043e6      0x1d4 ./Drivers/STM32F1xx_HAL_Driver/Src/stm32f1xx_hal_i2c.o
 .text.I2C_Master_SB
                0x00000000080045ba      0x10a ./Drivers/STM32F1xx_HAL_Driver/Src/stm32f1xx_hal_i2c.o
 .text.I2C_Master_ADD10
                0x00000000080046c4       0x52 ./Drivers/STM32F1xx_HAL_Driver/Src/stm32f1xx_hal_i2c.o
 .text.I2C_Master_ADDR
                0x0000000008004716      0x336 ./Drivers/STM32F1xx_HAL_Driver/Src/stm32f1xx_hal_i2c.o
 .text.I2C_SlaveTransmit_TXE
                0x0000000008004a4c       0x7a ./Drivers/STM32F1xx_HAL_Driver/Src/stm32f1xx_hal_i2c.o
 .text.I2C_SlaveTransmit_BTF
                0x0000000008004ac6       0x40 ./Drivers/STM32F1xx_HAL_Driver/Src/stm32f1xx_hal_i2c.o
 .text.I2C_SlaveReceive_RXNE
                0x0000000008004b06       0x7c ./Drivers/STM32F1xx_HAL_Driver/Src/stm32f1xx_hal_i2c.o
 .text.I2C_SlaveReceive_BTF
                0x0000000008004b82       0x42 ./Drivers/STM32F1xx_HAL_Driver/Src/stm32f1xx_hal_i2c.o
 .text.I2C_Slave_ADDR
                0x0000000008004bc4       0x94 ./Drivers/STM32F1xx_HAL_Driver/Src/stm32f1xx_hal_i2c.o
 .text.I2C_Slave_STOPF
                0x0000000008004c58      0x260 ./Drivers/STM32F1xx_HAL_Driver/Src/stm32f1xx_hal_i2c.o
 .text.I2C_Slave_AF
                0x0000000008004eb8       0xe0 ./Drivers/STM32F1xx_HAL_Driver/Src/stm32f1xx_hal_i2c.o
 .text.I2C_ITError
                0x0000000008004f98      0x264 ./Drivers/STM32F1xx_HAL_Driver/Src/stm32f1xx_hal_i2c.o
 .text.I2C_MasterRequestWrite
                0x00000000080051fc      0x104 ./Drivers/STM32F1xx_HAL_Driver/Src/stm32f1xx_hal_i2c.o
 .text.I2C_MasterRequestRead
                0x0000000008005300      0x19c ./Drivers/STM32F1xx_HAL_Driver/Src/stm32f1xx_hal_i2c.o
 .text.I2C_DMAAbort
                0x000000000800549c      0x150 ./Drivers/STM32F1xx_HAL_Driver/Src/stm32f1xx_hal_i2c.o
 .text.I2C_WaitOnFlagUntilTimeout
                0x00000000080055ec       0xae ./Drivers/STM32F1xx_HAL_Driver/Src/stm32f1xx_hal_i2c.o
 .text.I2C_WaitOnMasterAddressFlagUntilTimeout
                0x000000000800569a       0xfe ./Drivers/STM32F1xx_HAL_Driver/Src/stm32f1xx_hal_i2c.o
 .text.I2C_WaitOnTXEFlagUntilTimeout
                0x0000000008005798       0x82 ./Drivers/STM32F1xx_HAL_Driver/Src/stm32f1xx_hal_i2c.o
 .text.I2C_WaitOnBTFFlagUntilTimeout
                0x000000000800581a       0x82 ./Drivers/STM32F1xx_HAL_Driver/Src/stm32f1xx_hal_i2c.o
 .text.I2C_WaitOnSTOPRequestThroughIT
                0x000000000800589c       0x64 ./Drivers/STM32F1xx_HAL_Driver/Src/stm32f1xx_hal_i2c.o
 .text.I2C_WaitOnRXNEFlagUntilTimeout
                0x0000000008005900       0xac ./Drivers/STM32F1xx_HAL_Driver/Src/stm32f1xx_hal_i2c.o
 .text.I2C_IsAcknowledgeFailed
                0x00000000080059ac       0x5c ./Drivers/STM32F1xx_HAL_Driver/Src/stm32f1xx_hal_i2c.o
 .text.I2C_ConvertOtherXferOptions
                0x0000000008005a08       0x34 ./Drivers/STM32F1xx_HAL_Driver/Src/stm32f1xx_hal_i2c.o
 .text.HAL_RCC_OscConfig
                0x0000000008005a3c      0x504 ./Drivers/STM32F1xx_HAL_Driver/Src/stm32f1xx_hal_rcc.o
                0x0000000008005a3c                HAL_RCC_OscConfig
 .text.HAL_RCC_ClockConfig
                0x0000000008005f40      0x1d4 ./Drivers/STM32F1xx_HAL_Driver/Src/stm32f1xx_hal_rcc.o
                0x0000000008005f40                HAL_RCC_ClockConfig
 .text.HAL_RCC_GetSysClockFreq
                0x0000000008006114       0xbc ./Drivers/STM32F1xx_HAL_Driver/Src/stm32f1xx_hal_rcc.o
                0x0000000008006114                HAL_RCC_GetSysClockFreq
 .text.HAL_RCC_GetHCLKFreq
                0x00000000080061d0       0x14 ./Drivers/STM32F1xx_HAL_Driver/Src/stm32f1xx_hal_rcc.o
                0x00000000080061d0                HAL_RCC_GetHCLKFreq
 .text.HAL_RCC_GetPCLK1Freq
                0x00000000080061e4       0x28 ./Drivers/STM32F1xx_HAL_Driver/Src/stm32f1xx_hal_rcc.o
                0x00000000080061e4                HAL_RCC_GetPCLK1Freq
 .text.RCC_Delay
                0x000000000800620c       0x3c ./Drivers/STM32F1xx_HAL_Driver/Src/stm32f1xx_hal_rcc.o
 .text.HAL_TIM_Base_Init
                0x0000000008006248       0x9e ./Drivers/STM32F1xx_HAL_Driver/Src/stm32f1xx_hal_tim.o
                0x0000000008006248                HAL_TIM_Base_Init
 *fill*         0x00000000080062e6        0x2 
 .text.HAL_TIM_Base_Start
                0x00000000080062e8       0x94 ./Drivers/STM32F1xx_HAL_Driver/Src/stm32f1xx_hal_tim.o
                0x00000000080062e8                HAL_TIM_Base_Start
 .text.HAL_TIM_Base_Start_IT
                0x000000000800637c       0xa4 ./Drivers/STM32F1xx_HAL_Driver/Src/stm32f1xx_hal_tim.o
                0x000000000800637c                HAL_TIM_Base_Start_IT
 .text.HAL_TIM_PWM_Start
                0x0000000008006420      0x144 ./Drivers/STM32F1xx_HAL_Driver/Src/stm32f1xx_hal_tim.o
                0x0000000008006420                HAL_TIM_PWM_Start
 .text.HAL_TIM_IRQHandler
                0x0000000008006564      0x210 ./Drivers/STM32F1xx_HAL_Driver/Src/stm32f1xx_hal_tim.o
                0x0000000008006564                HAL_TIM_IRQHandler
 .text.HAL_TIM_ConfigClockSource
                0x0000000008006774      0x188 ./Drivers/STM32F1xx_HAL_Driver/Src/stm32f1xx_hal_tim.o
                0x0000000008006774                HAL_TIM_ConfigClockSource
 .text.HAL_TIM_OC_DelayElapsedCallback
                0x00000000080068fc       0x12 ./Drivers/STM32F1xx_HAL_Driver/Src/stm32f1xx_hal_tim.o
                0x00000000080068fc                HAL_TIM_OC_DelayElapsedCallback
 .text.HAL_TIM_IC_CaptureCallback
                0x000000000800690e       0x12 ./Drivers/STM32F1xx_HAL_Driver/Src/stm32f1xx_hal_tim.o
                0x000000000800690e                HAL_TIM_IC_CaptureCallback
 .text.HAL_TIM_PWM_PulseFinishedCallback
                0x0000000008006920       0x12 ./Drivers/STM32F1xx_HAL_Driver/Src/stm32f1xx_hal_tim.o
                0x0000000008006920                HAL_TIM_PWM_PulseFinishedCallback
 .text.HAL_TIM_TriggerCallback
                0x0000000008006932       0x12 ./Drivers/STM32F1xx_HAL_Driver/Src/stm32f1xx_hal_tim.o
                0x0000000008006932                HAL_TIM_TriggerCallback
 .text.TIM_Base_SetConfig
                0x0000000008006944       0xc4 ./Drivers/STM32F1xx_HAL_Driver/Src/stm32f1xx_hal_tim.o
                0x0000000008006944                TIM_Base_SetConfig
 .text.TIM_TI1_ConfigInputStage
                0x0000000008006a08       0x5c ./Drivers/STM32F1xx_HAL_Driver/Src/stm32f1xx_hal_tim.o
 .text.TIM_TI2_ConfigInputStage
                0x0000000008006a64       0x5e ./Drivers/STM32F1xx_HAL_Driver/Src/stm32f1xx_hal_tim.o
 .text.TIM_ITRx_SetConfig
                0x0000000008006ac2       0x34 ./Drivers/STM32F1xx_HAL_Driver/Src/stm32f1xx_hal_tim.o
 .text.TIM_ETR_SetConfig
                0x0000000008006af6       0x3e ./Drivers/STM32F1xx_HAL_Driver/Src/stm32f1xx_hal_tim.o
                0x0000000008006af6                TIM_ETR_SetConfig
 .text.TIM_CCxChannelCmd
                0x0000000008006b34       0x48 ./Drivers/STM32F1xx_HAL_Driver/Src/stm32f1xx_hal_tim.o
                0x0000000008006b34                TIM_CCxChannelCmd
 .text.HAL_TIMEx_MasterConfigSynchronization
                0x0000000008006b7c       0xbc ./Drivers/STM32F1xx_HAL_Driver/Src/stm32f1xx_hal_tim_ex.o
                0x0000000008006b7c                HAL_TIMEx_MasterConfigSynchronization
 .text.HAL_TIMEx_CommutCallback
                0x0000000008006c38       0x12 ./Drivers/STM32F1xx_HAL_Driver/Src/stm32f1xx_hal_tim_ex.o
                0x0000000008006c38                HAL_TIMEx_CommutCallback
 .text.HAL_TIMEx_BreakCallback
                0x0000000008006c4a       0x12 ./Drivers/STM32F1xx_HAL_Driver/Src/stm32f1xx_hal_tim_ex.o
                0x0000000008006c4a                HAL_TIMEx_BreakCallback
 .text.__errno  0x0000000008006c5c        0xc f:/stm32_ide/stm32cubeide_1.11.2/stm32cubeide/plugins/com.st.stm32cube.ide.mcu.externaltools.gnu-tools-for-stm32.10.3-2021.10.win32_1.0.100.202210260954/tools/bin/../lib/gcc/arm-none-eabi/10.3.1/../../../../arm-none-eabi/lib/thumb/v7-m/nofp\libc_nano.a(lib_a-errno.o)
                0x0000000008006c5c                __errno
 .text.__libc_init_array
                0x0000000008006c68       0x48 f:/stm32_ide/stm32cubeide_1.11.2/stm32cubeide/plugins/com.st.stm32cube.ide.mcu.externaltools.gnu-tools-for-stm32.10.3-2021.10.win32_1.0.100.202210260954/tools/bin/../lib/gcc/arm-none-eabi/10.3.1/../../../../arm-none-eabi/lib/thumb/v7-m/nofp\libc_nano.a(lib_a-init.o)
                0x0000000008006c68                __libc_init_array
 .text.malloc   0x0000000008006cb0       0x10 f:/stm32_ide/stm32cubeide_1.11.2/stm32cubeide/plugins/com.st.stm32cube.ide.mcu.externaltools.gnu-tools-for-stm32.10.3-2021.10.win32_1.0.100.202210260954/tools/bin/../lib/gcc/arm-none-eabi/10.3.1/../../../../arm-none-eabi/lib/thumb/v7-m/nofp\libc_nano.a(lib_a-malloc.o)
                0x0000000008006cb0                malloc
 .text.free     0x0000000008006cc0       0x10 f:/stm32_ide/stm32cubeide_1.11.2/stm32cubeide/plugins/com.st.stm32cube.ide.mcu.externaltools.gnu-tools-for-stm32.10.3-2021.10.win32_1.0.100.202210260954/tools/bin/../lib/gcc/arm-none-eabi/10.3.1/../../../../arm-none-eabi/lib/thumb/v7-m/nofp\libc_nano.a(lib_a-malloc.o)
                0x0000000008006cc0                free
 .text.memset   0x0000000008006cd0       0x10 f:/stm32_ide/stm32cubeide_1.11.2/stm32cubeide/plugins/com.st.stm32cube.ide.mcu.externaltools.gnu-tools-for-stm32.10.3-2021.10.win32_1.0.100.202210260954/tools/bin/../lib/gcc/arm-none-eabi/10.3.1/../../../../arm-none-eabi/lib/thumb/v7-m/nofp\libc_nano.a(lib_a-memset.o)
                0x0000000008006cd0                memset
 .text._free_r  0x0000000008006ce0       0x90 f:/stm32_ide/stm32cubeide_1.11.2/stm32cubeide/plugins/com.st.stm32cube.ide.mcu.externaltools.gnu-tools-for-stm32.10.3-2021.10.win32_1.0.100.202210260954/tools/bin/../lib/gcc/arm-none-eabi/10.3.1/../../../../arm-none-eabi/lib/thumb/v7-m/nofp\libc_nano.a(lib_a-nano-freer.o)
                0x0000000008006ce0                _free_r
 .text.sbrk_aligned
                0x0000000008006d70       0x40 f:/stm32_ide/stm32cubeide_1.11.2/stm32cubeide/plugins/com.st.stm32cube.ide.mcu.externaltools.gnu-tools-for-stm32.10.3-2021.10.win32_1.0.100.202210260954/tools/bin/../lib/gcc/arm-none-eabi/10.3.1/../../../../arm-none-eabi/lib/thumb/v7-m/nofp\libc_nano.a(lib_a-nano-mallocr.o)
 .text._malloc_r
                0x0000000008006db0       0xe8 f:/stm32_ide/stm32cubeide_1.11.2/stm32cubeide/plugins/com.st.stm32cube.ide.mcu.externaltools.gnu-tools-for-stm32.10.3-2021.10.win32_1.0.100.202210260954/tools/bin/../lib/gcc/arm-none-eabi/10.3.1/../../../../arm-none-eabi/lib/thumb/v7-m/nofp\libc_nano.a(lib_a-nano-mallocr.o)
                0x0000000008006db0                _malloc_r
 .text._sbrk_r  0x0000000008006e98       0x20 f:/stm32_ide/stm32cubeide_1.11.2/stm32cubeide/plugins/com.st.stm32cube.ide.mcu.externaltools.gnu-tools-for-stm32.10.3-2021.10.win32_1.0.100.202210260954/tools/bin/../lib/gcc/arm-none-eabi/10.3.1/../../../../arm-none-eabi/lib/thumb/v7-m/nofp\libc_nano.a(lib_a-sbrkr.o)
                0x0000000008006e98                _sbrk_r
 .text.__malloc_lock
                0x0000000008006eb8        0xc f:/stm32_ide/stm32cubeide_1.11.2/stm32cubeide/plugins/com.st.stm32cube.ide.mcu.externaltools.gnu-tools-for-stm32.10.3-2021.10.win32_1.0.100.202210260954/tools/bin/../lib/gcc/arm-none-eabi/10.3.1/../../../../arm-none-eabi/lib/thumb/v7-m/nofp\libc_nano.a(lib_a-mlock.o)
                0x0000000008006eb8                __malloc_lock
 .text.__malloc_unlock
                0x0000000008006ec4        0xc f:/stm32_ide/stm32cubeide_1.11.2/stm32cubeide/plugins/com.st.stm32cube.ide.mcu.externaltools.gnu-tools-for-stm32.10.3-2021.10.win32_1.0.100.202210260954/tools/bin/../lib/gcc/arm-none-eabi/10.3.1/../../../../arm-none-eabi/lib/thumb/v7-m/nofp\libc_nano.a(lib_a-mlock.o)
                0x0000000008006ec4                __malloc_unlock
 .text.__retarget_lock_acquire_recursive
                0x0000000008006ed0        0x2 f:/stm32_ide/stm32cubeide_1.11.2/stm32cubeide/plugins/com.st.stm32cube.ide.mcu.externaltools.gnu-tools-for-stm32.10.3-2021.10.win32_1.0.100.202210260954/tools/bin/../lib/gcc/arm-none-eabi/10.3.1/../../../../arm-none-eabi/lib/thumb/v7-m/nofp\libc_nano.a(lib_a-lock.o)
                0x0000000008006ed0                __retarget_lock_acquire_recursive
 .text.__retarget_lock_release_recursive
                0x0000000008006ed2        0x2 f:/stm32_ide/stm32cubeide_1.11.2/stm32cubeide/plugins/com.st.stm32cube.ide.mcu.externaltools.gnu-tools-for-stm32.10.3-2021.10.win32_1.0.100.202210260954/tools/bin/../lib/gcc/arm-none-eabi/10.3.1/../../../../arm-none-eabi/lib/thumb/v7-m/nofp\libc_nano.a(lib_a-lock.o)
                0x0000000008006ed2                __retarget_lock_release_recursive
 *(.glue_7)
 .glue_7        0x0000000008006ed4        0x0 linker stubs
 *(.glue_7t)
 .glue_7t       0x0000000008006ed4        0x0 linker stubs
 *(.eh_frame)
 .eh_frame      0x0000000008006ed4        0x0 f:/stm32_ide/stm32cubeide_1.11.2/stm32cubeide/plugins/com.st.stm32cube.ide.mcu.externaltools.gnu-tools-for-stm32.10.3-2021.10.win32_1.0.100.202210260954/tools/bin/../lib/gcc/arm-none-eabi/10.3.1/thumb/v7-m/nofp/crtbegin.o
 *(.init)
 .init          0x0000000008006ed4        0x4 f:/stm32_ide/stm32cubeide_1.11.2/stm32cubeide/plugins/com.st.stm32cube.ide.mcu.externaltools.gnu-tools-for-stm32.10.3-2021.10.win32_1.0.100.202210260954/tools/bin/../lib/gcc/arm-none-eabi/10.3.1/thumb/v7-m/nofp/crti.o
                0x0000000008006ed4                _init
 .init          0x0000000008006ed8        0x8 f:/stm32_ide/stm32cubeide_1.11.2/stm32cubeide/plugins/com.st.stm32cube.ide.mcu.externaltools.gnu-tools-for-stm32.10.3-2021.10.win32_1.0.100.202210260954/tools/bin/../lib/gcc/arm-none-eabi/10.3.1/thumb/v7-m/nofp/crtn.o
 *(.fini)
 .fini          0x0000000008006ee0        0x4 f:/stm32_ide/stm32cubeide_1.11.2/stm32cubeide/plugins/com.st.stm32cube.ide.mcu.externaltools.gnu-tools-for-stm32.10.3-2021.10.win32_1.0.100.202210260954/tools/bin/../lib/gcc/arm-none-eabi/10.3.1/thumb/v7-m/nofp/crti.o
                0x0000000008006ee0                _fini
 .fini          0x0000000008006ee4        0x8 f:/stm32_ide/stm32cubeide_1.11.2/stm32cubeide/plugins/com.st.stm32cube.ide.mcu.externaltools.gnu-tools-for-stm32.10.3-2021.10.win32_1.0.100.202210260954/tools/bin/../lib/gcc/arm-none-eabi/10.3.1/thumb/v7-m/nofp/crtn.o
                0x0000000008006eec                . = ALIGN (0x4)
                0x0000000008006eec                _etext = .

.vfp11_veneer   0x0000000008006eec        0x0
 .vfp11_veneer  0x0000000008006eec        0x0 linker stubs

.v4_bx          0x0000000008006eec        0x0
 .v4_bx         0x0000000008006eec        0x0 linker stubs

.iplt           0x0000000008006eec        0x0
 .iplt          0x0000000008006eec        0x0 f:/stm32_ide/stm32cubeide_1.11.2/stm32cubeide/plugins/com.st.stm32cube.ide.mcu.externaltools.gnu-tools-for-stm32.10.3-2021.10.win32_1.0.100.202210260954/tools/bin/../lib/gcc/arm-none-eabi/10.3.1/thumb/v7-m/nofp/crtbegin.o

.rodata         0x0000000008006eec      0x10c
                0x0000000008006eec                . = ALIGN (0x4)
 *(.rodata)
 .rodata        0x0000000008006eec       0xe1 ./Core/Src/fsm.o
 *fill*         0x0000000008006fcd        0x3 
 .rodata        0x0000000008006fd0       0x10 ./Drivers/STM32F1xx_HAL_Driver/Src/stm32f1xx_hal_rcc.o
 *(.rodata*)
 .rodata.AHBPrescTable
                0x0000000008006fe0       0x10 ./Core/Src/system_stm32f1xx.o
                0x0000000008006fe0                AHBPrescTable
 .rodata.APBPrescTable
                0x0000000008006ff0        0x8 ./Core/Src/system_stm32f1xx.o
                0x0000000008006ff0                APBPrescTable
                0x0000000008006ff8                . = ALIGN (0x4)

.rel.dyn        0x0000000008006ff8        0x0
 .rel.iplt      0x0000000008006ff8        0x0 f:/stm32_ide/stm32cubeide_1.11.2/stm32cubeide/plugins/com.st.stm32cube.ide.mcu.externaltools.gnu-tools-for-stm32.10.3-2021.10.win32_1.0.100.202210260954/tools/bin/../lib/gcc/arm-none-eabi/10.3.1/thumb/v7-m/nofp/crtbegin.o

.ARM.extab      0x0000000008006ff8        0x0
                0x0000000008006ff8                . = ALIGN (0x4)
 *(.ARM.extab* .gnu.linkonce.armextab.*)
                0x0000000008006ff8                . = ALIGN (0x4)

.ARM            0x0000000008006ff8        0x0
                0x0000000008006ff8                . = ALIGN (0x4)
                0x0000000008006ff8                __exidx_start = .
 *(.ARM.exidx*)
                0x0000000008006ff8                __exidx_end = .
                0x0000000008006ff8                . = ALIGN (0x4)

.preinit_array  0x0000000008006ff8        0x0
                0x0000000008006ff8                . = ALIGN (0x4)
                0x0000000008006ff8                PROVIDE (__preinit_array_start = .)
 *(.preinit_array*)
                0x0000000008006ff8                PROVIDE (__preinit_array_end = .)
                0x0000000008006ff8                . = ALIGN (0x4)

.init_array     0x0000000008006ff8        0x4
                0x0000000008006ff8                . = ALIGN (0x4)
                0x0000000008006ff8                PROVIDE (__init_array_start = .)
 *(SORT_BY_NAME(.init_array.*))
 *(.init_array*)
 .init_array    0x0000000008006ff8        0x4 f:/stm32_ide/stm32cubeide_1.11.2/stm32cubeide/plugins/com.st.stm32cube.ide.mcu.externaltools.gnu-tools-for-stm32.10.3-2021.10.win32_1.0.100.202210260954/tools/bin/../lib/gcc/arm-none-eabi/10.3.1/thumb/v7-m/nofp/crtbegin.o
                0x0000000008006ffc                PROVIDE (__init_array_end = .)
                0x0000000008006ffc                . = ALIGN (0x4)

.fini_array     0x0000000008006ffc        0x4
                0x0000000008006ffc                . = ALIGN (0x4)
                [!provide]                        PROVIDE (__fini_array_start = .)
 *(SORT_BY_NAME(.fini_array.*))
 *(.fini_array*)
 .fini_array    0x0000000008006ffc        0x4 f:/stm32_ide/stm32cubeide_1.11.2/stm32cubeide/plugins/com.st.stm32cube.ide.mcu.externaltools.gnu-tools-for-stm32.10.3-2021.10.win32_1.0.100.202210260954/tools/bin/../lib/gcc/arm-none-eabi/10.3.1/thumb/v7-m/nofp/crtbegin.o
                [!provide]                        PROVIDE (__fini_array_end = .)
                0x0000000008007000                . = ALIGN (0x4)
                0x0000000008007000                _sidata = LOADADDR (.data)

.data           0x0000000020000000       0xc0 load address 0x0000000008007000
                0x0000000020000000                . = ALIGN (0x4)
                0x0000000020000000                _sdata = .
 *(.data)
 *(.data*)
 .data.PORT_BUTTON
                0x0000000020000000        0xc ./Core/Src/input.o
                0x0000000020000000                PORT_BUTTON
 .data.PIN_BUTTON
                0x000000002000000c        0x6 ./Core/Src/input.o
                0x000000002000000c                PIN_BUTTON
 *fill*         0x0000000020000012        0x2 
 .data.LT       0x0000000020000014        0x8 ./Core/Src/lcd_i2c.o
                0x0000000020000014                LT
 .data.UB       0x000000002000001c        0x8 ./Core/Src/lcd_i2c.o
                0x000000002000001c                UB
 .data.RT       0x0000000020000024        0x8 ./Core/Src/lcd_i2c.o
                0x0000000020000024                RT
 .data.LL       0x000000002000002c        0x8 ./Core/Src/lcd_i2c.o
                0x000000002000002c                LL
 .data.LB       0x0000000020000034        0x8 ./Core/Src/lcd_i2c.o
                0x0000000020000034                LB
 .data.LR       0x000000002000003c        0x8 ./Core/Src/lcd_i2c.o
                0x000000002000003c                LR
 .data.MB       0x0000000020000044        0x8 ./Core/Src/lcd_i2c.o
                0x0000000020000044                MB
 .data.SystemCoreClock
                0x000000002000004c        0x4 ./Core/Src/system_stm32f1xx.o
                0x000000002000004c                SystemCoreClock
 .data.TIME_CYCLE
                0x0000000020000050        0x1 ./Core/Src/timer.o
 .data.MUL_timer
                0x0000000020000051        0x1 ./Core/Src/timer.o
 *fill*         0x0000000020000052        0x2 
 .data.uwTickPrio
                0x0000000020000054        0x4 ./Drivers/STM32F1xx_HAL_Driver/Src/stm32f1xx_hal.o
                0x0000000020000054                uwTickPrio
 .data.uwTickFreq
                0x0000000020000058        0x1 ./Drivers/STM32F1xx_HAL_Driver/Src/stm32f1xx_hal.o
                0x0000000020000058                uwTickFreq
 *fill*         0x0000000020000059        0x3 
 .data._impure_ptr
                0x000000002000005c        0x4 f:/stm32_ide/stm32cubeide_1.11.2/stm32cubeide/plugins/com.st.stm32cube.ide.mcu.externaltools.gnu-tools-for-stm32.10.3-2021.10.win32_1.0.100.202210260954/tools/bin/../lib/gcc/arm-none-eabi/10.3.1/../../../../arm-none-eabi/lib/thumb/v7-m/nofp\libc_nano.a(lib_a-impure.o)
                0x000000002000005c                _impure_ptr
 .data.impure_data
                0x0000000020000060       0x60 f:/stm32_ide/stm32cubeide_1.11.2/stm32cubeide/plugins/com.st.stm32cube.ide.mcu.externaltools.gnu-tools-for-stm32.10.3-2021.10.win32_1.0.100.202210260954/tools/bin/../lib/gcc/arm-none-eabi/10.3.1/../../../../arm-none-eabi/lib/thumb/v7-m/nofp\libc_nano.a(lib_a-impure.o)
 *(.RamFunc)
 *(.RamFunc*)
                0x00000000200000c0                . = ALIGN (0x4)
                0x00000000200000c0                _edata = .

.igot.plt       0x00000000200000c0        0x0 load address 0x00000000080070c0
 .igot.plt      0x00000000200000c0        0x0 f:/stm32_ide/stm32cubeide_1.11.2/stm32cubeide/plugins/com.st.stm32cube.ide.mcu.externaltools.gnu-tools-for-stm32.10.3-2021.10.win32_1.0.100.202210260954/tools/bin/../lib/gcc/arm-none-eabi/10.3.1/thumb/v7-m/nofp/crtbegin.o
                0x00000000200000c0                . = ALIGN (0x4)

.bss            0x00000000200000c0      0x178 load address 0x00000000080070c0
                0x00000000200000c0                _sbss = .
                0x00000000200000c0                __bss_start__ = _sbss
 *(.bss)
 .bss           0x00000000200000c0       0x1c f:/stm32_ide/stm32cubeide_1.11.2/stm32cubeide/plugins/com.st.stm32cube.ide.mcu.externaltools.gnu-tools-for-stm32.10.3-2021.10.win32_1.0.100.202210260954/tools/bin/../lib/gcc/arm-none-eabi/10.3.1/thumb/v7-m/nofp/crtbegin.o
 *(.bss*)
 .bss.dht11     0x00000000200000dc       0x14 ./Core/Src/DHT.o
                0x00000000200000dc                dht11
 .bss.i2c_ds    0x00000000200000f0        0x4 ./Core/Src/ds130x.o
                0x00000000200000f0                i2c_ds
 .bss.mode_sys  0x00000000200000f4        0x1 ./Core/Src/fsm.o
                0x00000000200000f4                mode_sys
 *fill*         0x00000000200000f5        0x3 
 .bss._data_sys
                0x00000000200000f8       0x14 ./Core/Src/global.o
                0x00000000200000f8                _data_sys
 .bss._counter_time_elapsed
                0x000000002000010c        0x1 ./Core/Src/global.o
                0x000000002000010c                _counter_time_elapsed
 *fill*         0x000000002000010d        0x1 
 .bss._time_screen
                0x000000002000010e        0x2 ./Core/Src/global.o
                0x000000002000010e                _time_screen
 .bss._time_read_DHT
                0x0000000020000110        0x2 ./Core/Src/global.o
                0x0000000020000110                _time_read_DHT
 .bss._time_out_for_set
                0x0000000020000112        0x2 ./Core/Src/global.o
                0x0000000020000112                _time_out_for_set
 .bss.Flag_for_button_press
                0x0000000020000114        0x3 ./Core/Src/input.o
                0x0000000020000114                Flag_for_button_press
 *fill*         0x0000000020000117        0x1 
 .bss.Counter_button_press
                0x0000000020000118        0x6 ./Core/Src/input.o
                0x0000000020000118                Counter_button_press
 *fill*         0x000000002000011e        0x2 
 .bss.Lcd_buffer
                0x0000000020000120        0x4 ./Core/Src/lcd_i2c.o
                0x0000000020000120                Lcd_buffer
 .bss.LCD       0x0000000020000124        0xc ./Core/Src/lcd_i2c.o
                0x0000000020000124                LCD
 .bss.currentCol
                0x0000000020000130        0x1 ./Core/Src/lcd_i2c.o
                0x0000000020000130                currentCol
 .bss.currentRow
                0x0000000020000131        0x1 ./Core/Src/lcd_i2c.o
                0x0000000020000131                currentRow
 *fill*         0x0000000020000132        0x2 
 .bss.hi2c1     0x0000000020000134       0x54 ./Core/Src/main.o
                0x0000000020000134                hi2c1
 .bss.htim2     0x0000000020000188       0x48 ./Core/Src/main.o
                0x0000000020000188                htim2
 .bss.htim3     0x00000000200001d0       0x48 ./Core/Src/main.o
                0x00000000200001d0                htim3
 .bss.__sbrk_heap_end
                0x0000000020000218        0x4 ./Core/Src/sysmem.o
 .bss.stimer    0x000000002000021c        0x4 ./Core/Src/timer.o
                0x000000002000021c                stimer
 .bss.flag_timer
                0x0000000020000220        0x1 ./Core/Src/timer.o
 .bss.counter_timer
                0x0000000020000221        0x1 ./Core/Src/timer.o
 *fill*         0x0000000020000222        0x2 
 .bss.uwTick    0x0000000020000224        0x4 ./Drivers/STM32F1xx_HAL_Driver/Src/stm32f1xx_hal.o
                0x0000000020000224                uwTick
 .bss.__malloc_free_list
                0x0000000020000228        0x4 f:/stm32_ide/stm32cubeide_1.11.2/stm32cubeide/plugins/com.st.stm32cube.ide.mcu.externaltools.gnu-tools-for-stm32.10.3-2021.10.win32_1.0.100.202210260954/tools/bin/../lib/gcc/arm-none-eabi/10.3.1/../../../../arm-none-eabi/lib/thumb/v7-m/nofp\libc_nano.a(lib_a-nano-mallocr.o)
                0x0000000020000228                __malloc_free_list
 .bss.__malloc_sbrk_start
                0x000000002000022c        0x4 f:/stm32_ide/stm32cubeide_1.11.2/stm32cubeide/plugins/com.st.stm32cube.ide.mcu.externaltools.gnu-tools-for-stm32.10.3-2021.10.win32_1.0.100.202210260954/tools/bin/../lib/gcc/arm-none-eabi/10.3.1/../../../../arm-none-eabi/lib/thumb/v7-m/nofp\libc_nano.a(lib_a-nano-mallocr.o)
                0x000000002000022c                __malloc_sbrk_start
 .bss.errno     0x0000000020000230        0x4 f:/stm32_ide/stm32cubeide_1.11.2/stm32cubeide/plugins/com.st.stm32cube.ide.mcu.externaltools.gnu-tools-for-stm32.10.3-2021.10.win32_1.0.100.202210260954/tools/bin/../lib/gcc/arm-none-eabi/10.3.1/../../../../arm-none-eabi/lib/thumb/v7-m/nofp\libc_nano.a(lib_a-reent.o)
                0x0000000020000230                errno
 .bss.__lock___malloc_recursive_mutex
                0x0000000020000234        0x1 f:/stm32_ide/stm32cubeide_1.11.2/stm32cubeide/plugins/com.st.stm32cube.ide.mcu.externaltools.gnu-tools-for-stm32.10.3-2021.10.win32_1.0.100.202210260954/tools/bin/../lib/gcc/arm-none-eabi/10.3.1/../../../../arm-none-eabi/lib/thumb/v7-m/nofp\libc_nano.a(lib_a-lock.o)
                0x0000000020000234                __lock___malloc_recursive_mutex
 *(COMMON)
                0x0000000020000238                . = ALIGN (0x4)
 *fill*         0x0000000020000235        0x3 
                0x0000000020000238                _ebss = .
                0x0000000020000238                __bss_end__ = _ebss

._user_heap_stack
                0x0000000020000238      0x600 load address 0x00000000080070c0
                0x0000000020000238                . = ALIGN (0x8)
                [!provide]                        PROVIDE (end = .)
                0x0000000020000238                PROVIDE (_end = .)
                0x0000000020000438                . = (. + _Min_Heap_Size)
 *fill*         0x0000000020000238      0x200 
                0x0000000020000838                . = (. + _Min_Stack_Size)
 *fill*         0x0000000020000438      0x400 
                0x0000000020000838                . = ALIGN (0x8)

/DISCARD/
 libc.a(*)
 libm.a(*)
 libgcc.a(*)

.ARM.attributes
                0x0000000000000000       0x29
 *(.ARM.attributes)
 .ARM.attributes
                0x0000000000000000       0x1d f:/stm32_ide/stm32cubeide_1.11.2/stm32cubeide/plugins/com.st.stm32cube.ide.mcu.externaltools.gnu-tools-for-stm32.10.3-2021.10.win32_1.0.100.202210260954/tools/bin/../lib/gcc/arm-none-eabi/10.3.1/thumb/v7-m/nofp/crti.o
 .ARM.attributes
                0x000000000000001d       0x2d f:/stm32_ide/stm32cubeide_1.11.2/stm32cubeide/plugins/com.st.stm32cube.ide.mcu.externaltools.gnu-tools-for-stm32.10.3-2021.10.win32_1.0.100.202210260954/tools/bin/../lib/gcc/arm-none-eabi/10.3.1/thumb/v7-m/nofp/crtbegin.o
 .ARM.attributes
                0x000000000000004a       0x2d ./Core/Src/DHT.o
 .ARM.attributes
                0x0000000000000077       0x2d ./Core/Src/ds130x.o
 .ARM.attributes
                0x00000000000000a4       0x2d ./Core/Src/fsm.o
 .ARM.attributes
                0x00000000000000d1       0x2d ./Core/Src/global.o
 .ARM.attributes
                0x00000000000000fe       0x2d ./Core/Src/input.o
 .ARM.attributes
                0x000000000000012b       0x2d ./Core/Src/lcd_i2c.o
 .ARM.attributes
                0x0000000000000158       0x2d ./Core/Src/main.o
 .ARM.attributes
                0x0000000000000185       0x2d ./Core/Src/stm32f1xx_hal_msp.o
 .ARM.attributes
                0x00000000000001b2       0x2d ./Core/Src/stm32f1xx_it.o
 .ARM.attributes
                0x00000000000001df       0x2d ./Core/Src/sysmem.o
 .ARM.attributes
                0x000000000000020c       0x2d ./Core/Src/system_stm32f1xx.o
 .ARM.attributes
                0x0000000000000239       0x2d ./Core/Src/timer.o
 .ARM.attributes
                0x0000000000000266       0x21 ./Core/Startup/startup_stm32f103rbtx.o
 .ARM.attributes
                0x0000000000000287       0x2d ./Drivers/STM32F1xx_HAL_Driver/Src/stm32f1xx_hal.o
 .ARM.attributes
                0x00000000000002b4       0x2d ./Drivers/STM32F1xx_HAL_Driver/Src/stm32f1xx_hal_cortex.o
 .ARM.attributes
                0x00000000000002e1       0x2d ./Drivers/STM32F1xx_HAL_Driver/Src/stm32f1xx_hal_dma.o
 .ARM.attributes
                0x000000000000030e       0x2d ./Drivers/STM32F1xx_HAL_Driver/Src/stm32f1xx_hal_gpio.o
 .ARM.attributes
                0x000000000000033b       0x2d ./Drivers/STM32F1xx_HAL_Driver/Src/stm32f1xx_hal_i2c.o
 .ARM.attributes
                0x0000000000000368       0x2d ./Drivers/STM32F1xx_HAL_Driver/Src/stm32f1xx_hal_rcc.o
 .ARM.attributes
                0x0000000000000395       0x2d ./Drivers/STM32F1xx_HAL_Driver/Src/stm32f1xx_hal_tim.o
 .ARM.attributes
                0x00000000000003c2       0x2d ./Drivers/STM32F1xx_HAL_Driver/Src/stm32f1xx_hal_tim_ex.o
 .ARM.attributes
                0x00000000000003ef       0x2d f:/stm32_ide/stm32cubeide_1.11.2/stm32cubeide/plugins/com.st.stm32cube.ide.mcu.externaltools.gnu-tools-for-stm32.10.3-2021.10.win32_1.0.100.202210260954/tools/bin/../lib/gcc/arm-none-eabi/10.3.1/../../../../arm-none-eabi/lib/thumb/v7-m/nofp\libc_nano.a(lib_a-errno.o)
 .ARM.attributes
                0x000000000000041c       0x2d f:/stm32_ide/stm32cubeide_1.11.2/stm32cubeide/plugins/com.st.stm32cube.ide.mcu.externaltools.gnu-tools-for-stm32.10.3-2021.10.win32_1.0.100.202210260954/tools/bin/../lib/gcc/arm-none-eabi/10.3.1/../../../../arm-none-eabi/lib/thumb/v7-m/nofp\libc_nano.a(lib_a-impure.o)
 .ARM.attributes
                0x0000000000000449       0x2d f:/stm32_ide/stm32cubeide_1.11.2/stm32cubeide/plugins/com.st.stm32cube.ide.mcu.externaltools.gnu-tools-for-stm32.10.3-2021.10.win32_1.0.100.202210260954/tools/bin/../lib/gcc/arm-none-eabi/10.3.1/../../../../arm-none-eabi/lib/thumb/v7-m/nofp\libc_nano.a(lib_a-init.o)
 .ARM.attributes
                0x0000000000000476       0x2d f:/stm32_ide/stm32cubeide_1.11.2/stm32cubeide/plugins/com.st.stm32cube.ide.mcu.externaltools.gnu-tools-for-stm32.10.3-2021.10.win32_1.0.100.202210260954/tools/bin/../lib/gcc/arm-none-eabi/10.3.1/../../../../arm-none-eabi/lib/thumb/v7-m/nofp\libc_nano.a(lib_a-malloc.o)
 .ARM.attributes
                0x00000000000004a3       0x2d f:/stm32_ide/stm32cubeide_1.11.2/stm32cubeide/plugins/com.st.stm32cube.ide.mcu.externaltools.gnu-tools-for-stm32.10.3-2021.10.win32_1.0.100.202210260954/tools/bin/../lib/gcc/arm-none-eabi/10.3.1/../../../../arm-none-eabi/lib/thumb/v7-m/nofp\libc_nano.a(lib_a-memset.o)
 .ARM.attributes
                0x00000000000004d0       0x2d f:/stm32_ide/stm32cubeide_1.11.2/stm32cubeide/plugins/com.st.stm32cube.ide.mcu.externaltools.gnu-tools-for-stm32.10.3-2021.10.win32_1.0.100.202210260954/tools/bin/../lib/gcc/arm-none-eabi/10.3.1/../../../../arm-none-eabi/lib/thumb/v7-m/nofp\libc_nano.a(lib_a-nano-freer.o)
 .ARM.attributes
                0x00000000000004fd       0x2d f:/stm32_ide/stm32cubeide_1.11.2/stm32cubeide/plugins/com.st.stm32cube.ide.mcu.externaltools.gnu-tools-for-stm32.10.3-2021.10.win32_1.0.100.202210260954/tools/bin/../lib/gcc/arm-none-eabi/10.3.1/../../../../arm-none-eabi/lib/thumb/v7-m/nofp\libc_nano.a(lib_a-nano-mallocr.o)
 .ARM.attributes
                0x000000000000052a       0x2d f:/stm32_ide/stm32cubeide_1.11.2/stm32cubeide/plugins/com.st.stm32cube.ide.mcu.externaltools.gnu-tools-for-stm32.10.3-2021.10.win32_1.0.100.202210260954/tools/bin/../lib/gcc/arm-none-eabi/10.3.1/../../../../arm-none-eabi/lib/thumb/v7-m/nofp\libc_nano.a(lib_a-sbrkr.o)
 .ARM.attributes
                0x0000000000000557       0x2d f:/stm32_ide/stm32cubeide_1.11.2/stm32cubeide/plugins/com.st.stm32cube.ide.mcu.externaltools.gnu-tools-for-stm32.10.3-2021.10.win32_1.0.100.202210260954/tools/bin/../lib/gcc/arm-none-eabi/10.3.1/../../../../arm-none-eabi/lib/thumb/v7-m/nofp\libc_nano.a(lib_a-mlock.o)
 .ARM.attributes
                0x0000000000000584       0x2d f:/stm32_ide/stm32cubeide_1.11.2/stm32cubeide/plugins/com.st.stm32cube.ide.mcu.externaltools.gnu-tools-for-stm32.10.3-2021.10.win32_1.0.100.202210260954/tools/bin/../lib/gcc/arm-none-eabi/10.3.1/../../../../arm-none-eabi/lib/thumb/v7-m/nofp\libc_nano.a(lib_a-reent.o)
 .ARM.attributes
                0x00000000000005b1       0x2d f:/stm32_ide/stm32cubeide_1.11.2/stm32cubeide/plugins/com.st.stm32cube.ide.mcu.externaltools.gnu-tools-for-stm32.10.3-2021.10.win32_1.0.100.202210260954/tools/bin/../lib/gcc/arm-none-eabi/10.3.1/../../../../arm-none-eabi/lib/thumb/v7-m/nofp\libc_nano.a(lib_a-lock.o)
 .ARM.attributes
                0x00000000000005de       0x1d f:/stm32_ide/stm32cubeide_1.11.2/stm32cubeide/plugins/com.st.stm32cube.ide.mcu.externaltools.gnu-tools-for-stm32.10.3-2021.10.win32_1.0.100.202210260954/tools/bin/../lib/gcc/arm-none-eabi/10.3.1/thumb/v7-m/nofp\libgcc.a(_arm_mulsf3.o)
 .ARM.attributes
                0x00000000000005fb       0x1d f:/stm32_ide/stm32cubeide_1.11.2/stm32cubeide/plugins/com.st.stm32cube.ide.mcu.externaltools.gnu-tools-for-stm32.10.3-2021.10.win32_1.0.100.202210260954/tools/bin/../lib/gcc/arm-none-eabi/10.3.1/thumb/v7-m/nofp\libgcc.a(_arm_addsubsf3.o)
 .ARM.attributes
                0x0000000000000618       0x1d f:/stm32_ide/stm32cubeide_1.11.2/stm32cubeide/plugins/com.st.stm32cube.ide.mcu.externaltools.gnu-tools-for-stm32.10.3-2021.10.win32_1.0.100.202210260954/tools/bin/../lib/gcc/arm-none-eabi/10.3.1/thumb/v7-m/nofp\libgcc.a(_arm_cmpsf2.o)
 .ARM.attributes
                0x0000000000000635       0x1d f:/stm32_ide/stm32cubeide_1.11.2/stm32cubeide/plugins/com.st.stm32cube.ide.mcu.externaltools.gnu-tools-for-stm32.10.3-2021.10.win32_1.0.100.202210260954/tools/bin/../lib/gcc/arm-none-eabi/10.3.1/thumb/v7-m/nofp\libgcc.a(_arm_fixunssfsi.o)
 .ARM.attributes
                0x0000000000000652       0x1d f:/stm32_ide/stm32cubeide_1.11.2/stm32cubeide/plugins/com.st.stm32cube.ide.mcu.externaltools.gnu-tools-for-stm32.10.3-2021.10.win32_1.0.100.202210260954/tools/bin/../lib/gcc/arm-none-eabi/10.3.1/thumb/v7-m/nofp/crtn.o
OUTPUT(Clock.elf elf32-littlearm)
LOAD linker stubs
LOAD f:/stm32_ide/stm32cubeide_1.11.2/stm32cubeide/plugins/com.st.stm32cube.ide.mcu.externaltools.gnu-tools-for-stm32.10.3-2021.10.win32_1.0.100.202210260954/tools/bin/../lib/gcc/arm-none-eabi/10.3.1/../../../../arm-none-eabi/lib/thumb/v7-m/nofp\libc.a
LOAD f:/stm32_ide/stm32cubeide_1.11.2/stm32cubeide/plugins/com.st.stm32cube.ide.mcu.externaltools.gnu-tools-for-stm32.10.3-2021.10.win32_1.0.100.202210260954/tools/bin/../lib/gcc/arm-none-eabi/10.3.1/../../../../arm-none-eabi/lib/thumb/v7-m/nofp\libm.a
LOAD f:/stm32_ide/stm32cubeide_1.11.2/stm32cubeide/plugins/com.st.stm32cube.ide.mcu.externaltools.gnu-tools-for-stm32.10.3-2021.10.win32_1.0.100.202210260954/tools/bin/../lib/gcc/arm-none-eabi/10.3.1/thumb/v7-m/nofp\libgcc.a

.debug_info     0x0000000000000000     0xe706
 .debug_info    0x0000000000000000      0x9aa ./Core/Src/DHT.o
 .debug_info    0x00000000000009aa      0x79e ./Core/Src/ds130x.o
 .debug_info    0x0000000000001148      0x370 ./Core/Src/fsm.o
 .debug_info    0x00000000000014b8      0x1de ./Core/Src/global.o
 .debug_info    0x0000000000001696      0x2cb ./Core/Src/input.o
 .debug_info    0x0000000000001961      0xbc4 ./Core/Src/lcd_i2c.o
 .debug_info    0x0000000000002525     0x1005 ./Core/Src/main.o
 .debug_info    0x000000000000352a      0xe35 ./Core/Src/stm32f1xx_hal_msp.o
 .debug_info    0x000000000000435f      0xa27 ./Core/Src/stm32f1xx_it.o
 .debug_info    0x0000000000004d86      0x171 ./Core/Src/sysmem.o
 .debug_info    0x0000000000004ef7      0x23d ./Core/Src/system_stm32f1xx.o
 .debug_info    0x0000000000005134      0x783 ./Core/Src/timer.o
 .debug_info    0x00000000000058b7       0x22 ./Core/Startup/startup_stm32f103rbtx.o
 .debug_info    0x00000000000058d9      0x734 ./Drivers/STM32F1xx_HAL_Driver/Src/stm32f1xx_hal.o
 .debug_info    0x000000000000600d      0xb20 ./Drivers/STM32F1xx_HAL_Driver/Src/stm32f1xx_hal_cortex.o
 .debug_info    0x0000000000006b2d      0x73f ./Drivers/STM32F1xx_HAL_Driver/Src/stm32f1xx_hal_dma.o
 .debug_info    0x000000000000726c      0x615 ./Drivers/STM32F1xx_HAL_Driver/Src/stm32f1xx_hal_gpio.o
 .debug_info    0x0000000000007881     0x2734 ./Drivers/STM32F1xx_HAL_Driver/Src/stm32f1xx_hal_i2c.o
 .debug_info    0x0000000000009fb5      0x860 ./Drivers/STM32F1xx_HAL_Driver/Src/stm32f1xx_hal_rcc.o
 .debug_info    0x000000000000a815     0x29de ./Drivers/STM32F1xx_HAL_Driver/Src/stm32f1xx_hal_tim.o
 .debug_info    0x000000000000d1f3     0x1513 ./Drivers/STM32F1xx_HAL_Driver/Src/stm32f1xx_hal_tim_ex.o

.debug_abbrev   0x0000000000000000     0x2705
 .debug_abbrev  0x0000000000000000      0x24c ./Core/Src/DHT.o
 .debug_abbrev  0x000000000000024c      0x21a ./Core/Src/ds130x.o
 .debug_abbrev  0x0000000000000466      0x15c ./Core/Src/fsm.o
 .debug_abbrev  0x00000000000005c2       0x8d ./Core/Src/global.o
 .debug_abbrev  0x000000000000064f      0x16a ./Core/Src/input.o
 .debug_abbrev  0x00000000000007b9      0x2d5 ./Core/Src/lcd_i2c.o
 .debug_abbrev  0x0000000000000a8e      0x2c4 ./Core/Src/main.o
 .debug_abbrev  0x0000000000000d52      0x1c5 ./Core/Src/stm32f1xx_hal_msp.o
 .debug_abbrev  0x0000000000000f17      0x184 ./Core/Src/stm32f1xx_it.o
 .debug_abbrev  0x000000000000109b       0xbb ./Core/Src/sysmem.o
 .debug_abbrev  0x0000000000001156      0x13b ./Core/Src/system_stm32f1xx.o
 .debug_abbrev  0x0000000000001291      0x1cf ./Core/Src/timer.o
 .debug_abbrev  0x0000000000001460       0x12 ./Core/Startup/startup_stm32f103rbtx.o
 .debug_abbrev  0x0000000000001472      0x1fb ./Drivers/STM32F1xx_HAL_Driver/Src/stm32f1xx_hal.o
 .debug_abbrev  0x000000000000166d      0x2ed ./Drivers/STM32F1xx_HAL_Driver/Src/stm32f1xx_hal_cortex.o
 .debug_abbrev  0x000000000000195a      0x1fe ./Drivers/STM32F1xx_HAL_Driver/Src/stm32f1xx_hal_dma.o
 .debug_abbrev  0x0000000000001b58      0x1bb ./Drivers/STM32F1xx_HAL_Driver/Src/stm32f1xx_hal_gpio.o
 .debug_abbrev  0x0000000000001d13      0x288 ./Drivers/STM32F1xx_HAL_Driver/Src/stm32f1xx_hal_i2c.o
 .debug_abbrev  0x0000000000001f9b      0x2a8 ./Drivers/STM32F1xx_HAL_Driver/Src/stm32f1xx_hal_rcc.o
 .debug_abbrev  0x0000000000002243      0x25d ./Drivers/STM32F1xx_HAL_Driver/Src/stm32f1xx_hal_tim.o
 .debug_abbrev  0x00000000000024a0      0x265 ./Drivers/STM32F1xx_HAL_Driver/Src/stm32f1xx_hal_tim_ex.o

.debug_aranges  0x0000000000000000      0xea0
 .debug_aranges
                0x0000000000000000       0x60 ./Core/Src/DHT.o
 .debug_aranges
                0x0000000000000060       0x48 ./Core/Src/ds130x.o
 .debug_aranges
                0x00000000000000a8       0x38 ./Core/Src/fsm.o
 .debug_aranges
                0x00000000000000e0       0x18 ./Core/Src/global.o
 .debug_aranges
                0x00000000000000f8       0x40 ./Core/Src/input.o
 .debug_aranges
                0x0000000000000138       0x90 ./Core/Src/lcd_i2c.o
 .debug_aranges
                0x00000000000001c8       0x50 ./Core/Src/main.o
 .debug_aranges
                0x0000000000000218       0x40 ./Core/Src/stm32f1xx_hal_msp.o
 .debug_aranges
                0x0000000000000258       0x78 ./Core/Src/stm32f1xx_it.o
 .debug_aranges
                0x00000000000002d0       0x20 ./Core/Src/sysmem.o
 .debug_aranges
                0x00000000000002f0       0x28 ./Core/Src/system_stm32f1xx.o
 .debug_aranges
                0x0000000000000318       0x40 ./Core/Src/timer.o
 .debug_aranges
                0x0000000000000358       0x28 ./Core/Startup/startup_stm32f103rbtx.o
 .debug_aranges
                0x0000000000000380       0xe0 ./Drivers/STM32F1xx_HAL_Driver/Src/stm32f1xx_hal.o
 .debug_aranges
                0x0000000000000460      0x100 ./Drivers/STM32F1xx_HAL_Driver/Src/stm32f1xx_hal_cortex.o
 .debug_aranges
                0x0000000000000560       0x80 ./Drivers/STM32F1xx_HAL_Driver/Src/stm32f1xx_hal_dma.o
 .debug_aranges
                0x00000000000005e0       0x58 ./Drivers/STM32F1xx_HAL_Driver/Src/stm32f1xx_hal_gpio.o
 .debug_aranges
                0x0000000000000638      0x2a0 ./Drivers/STM32F1xx_HAL_Driver/Src/stm32f1xx_hal_i2c.o
 .debug_aranges
                0x00000000000008d8       0x90 ./Drivers/STM32F1xx_HAL_Driver/Src/stm32f1xx_hal_rcc.o
 .debug_aranges
                0x0000000000000968      0x3d0 ./Drivers/STM32F1xx_HAL_Driver/Src/stm32f1xx_hal_tim.o
 .debug_aranges
                0x0000000000000d38      0x168 ./Drivers/STM32F1xx_HAL_Driver/Src/stm32f1xx_hal_tim_ex.o

.debug_ranges   0x0000000000000000      0xd78
 .debug_ranges  0x0000000000000000       0x50 ./Core/Src/DHT.o
 .debug_ranges  0x0000000000000050       0x38 ./Core/Src/ds130x.o
 .debug_ranges  0x0000000000000088       0x28 ./Core/Src/fsm.o
 .debug_ranges  0x00000000000000b0       0x30 ./Core/Src/input.o
 .debug_ranges  0x00000000000000e0       0x80 ./Core/Src/lcd_i2c.o
 .debug_ranges  0x0000000000000160       0x40 ./Core/Src/main.o
 .debug_ranges  0x00000000000001a0       0x30 ./Core/Src/stm32f1xx_hal_msp.o
 .debug_ranges  0x00000000000001d0       0x68 ./Core/Src/stm32f1xx_it.o
 .debug_ranges  0x0000000000000238       0x10 ./Core/Src/sysmem.o
 .debug_ranges  0x0000000000000248       0x18 ./Core/Src/system_stm32f1xx.o
 .debug_ranges  0x0000000000000260       0x30 ./Core/Src/timer.o
 .debug_ranges  0x0000000000000290       0x20 ./Core/Startup/startup_stm32f103rbtx.o
 .debug_ranges  0x00000000000002b0       0xd0 ./Drivers/STM32F1xx_HAL_Driver/Src/stm32f1xx_hal.o
 .debug_ranges  0x0000000000000380       0xf0 ./Drivers/STM32F1xx_HAL_Driver/Src/stm32f1xx_hal_cortex.o
 .debug_ranges  0x0000000000000470       0x70 ./Drivers/STM32F1xx_HAL_Driver/Src/stm32f1xx_hal_dma.o
 .debug_ranges  0x00000000000004e0       0x48 ./Drivers/STM32F1xx_HAL_Driver/Src/stm32f1xx_hal_gpio.o
 .debug_ranges  0x0000000000000528      0x2b8 ./Drivers/STM32F1xx_HAL_Driver/Src/stm32f1xx_hal_i2c.o
 .debug_ranges  0x00000000000007e0       0x80 ./Drivers/STM32F1xx_HAL_Driver/Src/stm32f1xx_hal_rcc.o
 .debug_ranges  0x0000000000000860      0x3c0 ./Drivers/STM32F1xx_HAL_Driver/Src/stm32f1xx_hal_tim.o
 .debug_ranges  0x0000000000000c20      0x158 ./Drivers/STM32F1xx_HAL_Driver/Src/stm32f1xx_hal_tim_ex.o

.debug_macro    0x0000000000000000    0x18f49
 .debug_macro   0x0000000000000000      0x27c ./Core/Src/DHT.o
 .debug_macro   0x000000000000027c      0xa6c ./Core/Src/DHT.o
 .debug_macro   0x0000000000000ce8       0x18 ./Core/Src/DHT.o
 .debug_macro   0x0000000000000d00       0x22 ./Core/Src/DHT.o
 .debug_macro   0x0000000000000d22       0x4c ./Core/Src/DHT.o
 .debug_macro   0x0000000000000d6e       0x94 ./Core/Src/DHT.o
 .debug_macro   0x0000000000000e02       0x3c ./Core/Src/DHT.o
 .debug_macro   0x0000000000000e3e       0x34 ./Core/Src/DHT.o
 .debug_macro   0x0000000000000e72       0x16 ./Core/Src/DHT.o
 .debug_macro   0x0000000000000e88      0x10e ./Core/Src/DHT.o
 .debug_macro   0x0000000000000f96       0x8d ./Core/Src/DHT.o
 .debug_macro   0x0000000000001023       0x16 ./Core/Src/DHT.o
 .debug_macro   0x0000000000001039       0x43 ./Core/Src/DHT.o
 .debug_macro   0x000000000000107c       0x57 ./Core/Src/DHT.o
 .debug_macro   0x00000000000010d3       0x34 ./Core/Src/DHT.o
 .debug_macro   0x0000000000001107       0x10 ./Core/Src/DHT.o
 .debug_macro   0x0000000000001117       0x58 ./Core/Src/DHT.o
 .debug_macro   0x000000000000116f       0x71 ./Core/Src/DHT.o
 .debug_macro   0x00000000000011e0       0x1c ./Core/Src/DHT.o
 .debug_macro   0x00000000000011fc      0x12a ./Core/Src/DHT.o
 .debug_macro   0x0000000000001326      0x341 ./Core/Src/DHT.o
 .debug_macro   0x0000000000001667       0x16 ./Core/Src/DHT.o
 .debug_macro   0x000000000000167d       0x29 ./Core/Src/DHT.o
 .debug_macro   0x00000000000016a6      0x21b ./Core/Src/DHT.o
 .debug_macro   0x00000000000018c1       0x2e ./Core/Src/DHT.o
 .debug_macro   0x00000000000018ef       0x22 ./Core/Src/DHT.o
 .debug_macro   0x0000000000001911      0x103 ./Core/Src/DHT.o
 .debug_macro   0x0000000000001a14       0x6a ./Core/Src/DHT.o
 .debug_macro   0x0000000000001a7e      0x1df ./Core/Src/DHT.o
 .debug_macro   0x0000000000001c5d       0x1c ./Core/Src/DHT.o
 .debug_macro   0x0000000000001c79       0x22 ./Core/Src/DHT.o
 .debug_macro   0x0000000000001c9b       0xbd ./Core/Src/DHT.o
 .debug_macro   0x0000000000001d58      0xd23 ./Core/Src/DHT.o
 .debug_macro   0x0000000000002a7b     0xe09e ./Core/Src/DHT.o
 .debug_macro   0x0000000000010b19       0x6d ./Core/Src/DHT.o
 .debug_macro   0x0000000000010b86     0x3468 ./Core/Src/DHT.o
 .debug_macro   0x0000000000013fee       0x56 ./Core/Src/DHT.o
 .debug_macro   0x0000000000014044      0x5be ./Core/Src/DHT.o
 .debug_macro   0x0000000000014602      0x289 ./Core/Src/DHT.o
 .debug_macro   0x000000000001488b      0x1cb ./Core/Src/DHT.o
 .debug_macro   0x0000000000014a56      0x114 ./Core/Src/DHT.o
 .debug_macro   0x0000000000014b6a      0x1b2 ./Core/Src/DHT.o
 .debug_macro   0x0000000000014d1c       0x27 ./Core/Src/DHT.o
 .debug_macro   0x0000000000014d43      0x136 ./Core/Src/DHT.o
 .debug_macro   0x0000000000014e79      0x1bc ./Core/Src/DHT.o
 .debug_macro   0x0000000000015035       0x34 ./Core/Src/DHT.o
 .debug_macro   0x0000000000015069       0x3c ./Core/Src/DHT.o
 .debug_macro   0x00000000000150a5       0x57 ./Core/Src/DHT.o
 .debug_macro   0x00000000000150fc       0x88 ./Core/Src/DHT.o
 .debug_macro   0x0000000000015184      0x241 ./Core/Src/DHT.o
 .debug_macro   0x00000000000153c5      0x287 ./Core/Src/DHT.o
 .debug_macro   0x000000000001564c      0x141 ./Core/Src/DHT.o
 .debug_macro   0x000000000001578d      0x8d1 ./Core/Src/DHT.o
 .debug_macro   0x000000000001605e       0x83 ./Core/Src/DHT.o
 .debug_macro   0x00000000000160e1       0x46 ./Core/Src/DHT.o
 .debug_macro   0x0000000000016127      0x281 ./Core/Src/ds130x.o
 .debug_macro   0x00000000000163a8       0x4c ./Core/Src/ds130x.o
 .debug_macro   0x00000000000163f4      0x2bf ./Core/Src/fsm.o
 .debug_macro   0x00000000000166b3       0xe2 ./Core/Src/fsm.o
 .debug_macro   0x0000000000016795       0xa6 ./Core/Src/fsm.o
 .debug_macro   0x000000000001683b       0x34 ./Core/Src/fsm.o
 .debug_macro   0x000000000001686f       0x6a ./Core/Src/fsm.o
 .debug_macro   0x00000000000168d9      0x1ad ./Core/Src/global.o
 .debug_macro   0x0000000000016a86       0x8e ./Core/Src/global.o
 .debug_macro   0x0000000000016b14       0x51 ./Core/Src/global.o
 .debug_macro   0x0000000000016b65      0x174 ./Core/Src/global.o
 .debug_macro   0x0000000000016cd9       0x5c ./Core/Src/global.o
 .debug_macro   0x0000000000016d35      0x1bb ./Core/Src/input.o
 .debug_macro   0x0000000000016ef0       0x2e ./Core/Src/input.o
 .debug_macro   0x0000000000016f1e      0x281 ./Core/Src/lcd_i2c.o
 .debug_macro   0x000000000001719f       0xdc ./Core/Src/lcd_i2c.o
 .debug_macro   0x000000000001727b      0x2ed ./Core/Src/main.o
 .debug_macro   0x0000000000017568       0x40 ./Core/Src/main.o
 .debug_macro   0x00000000000175a8       0x52 ./Core/Src/main.o
 .debug_macro   0x00000000000175fa       0x35 ./Core/Src/main.o
 .debug_macro   0x000000000001762f       0x52 ./Core/Src/main.o
 .debug_macro   0x0000000000017681      0x1b2 ./Core/Src/stm32f1xx_hal_msp.o
 .debug_macro   0x0000000000017833      0x1bc ./Core/Src/stm32f1xx_it.o
 .debug_macro   0x00000000000179ef       0xff ./Core/Src/sysmem.o
 .debug_macro   0x0000000000017aee      0x23b ./Core/Src/sysmem.o
 .debug_macro   0x0000000000017d29      0x1a3 ./Core/Src/system_stm32f1xx.o
 .debug_macro   0x0000000000017ecc      0x27c ./Core/Src/timer.o
 .debug_macro   0x0000000000018148      0x1c7 ./Drivers/STM32F1xx_HAL_Driver/Src/stm32f1xx_hal.o
 .debug_macro   0x000000000001830f      0x1a3 ./Drivers/STM32F1xx_HAL_Driver/Src/stm32f1xx_hal_cortex.o
 .debug_macro   0x00000000000184b2      0x1a3 ./Drivers/STM32F1xx_HAL_Driver/Src/stm32f1xx_hal_dma.o
 .debug_macro   0x0000000000018655      0x20e ./Drivers/STM32F1xx_HAL_Driver/Src/stm32f1xx_hal_gpio.o
 .debug_macro   0x0000000000018863      0x1ea ./Drivers/STM32F1xx_HAL_Driver/Src/stm32f1xx_hal_i2c.o
 .debug_macro   0x0000000000018a4d      0x1b5 ./Drivers/STM32F1xx_HAL_Driver/Src/stm32f1xx_hal_rcc.o
 .debug_macro   0x0000000000018c02      0x1a4 ./Drivers/STM32F1xx_HAL_Driver/Src/stm32f1xx_hal_tim.o
 .debug_macro   0x0000000000018da6      0x1a3 ./Drivers/STM32F1xx_HAL_Driver/Src/stm32f1xx_hal_tim_ex.o

.debug_line     0x0000000000000000    0x12755
 .debug_line    0x0000000000000000      0x8e5 ./Core/Src/DHT.o
 .debug_line    0x00000000000008e5      0x88f ./Core/Src/ds130x.o
 .debug_line    0x0000000000001174      0xeb0 ./Core/Src/fsm.o
 .debug_line    0x0000000000002024      0x673 ./Core/Src/global.o
 .debug_line    0x0000000000002697      0x765 ./Core/Src/input.o
 .debug_line    0x0000000000002dfc      0xc8b ./Core/Src/lcd_i2c.o
 .debug_line    0x0000000000003a87      0xa11 ./Core/Src/main.o
 .debug_line    0x0000000000004498      0x741 ./Core/Src/stm32f1xx_hal_msp.o
 .debug_line    0x0000000000004bd9      0x79f ./Core/Src/stm32f1xx_it.o
 .debug_line    0x0000000000005378      0x517 ./Core/Src/sysmem.o
 .debug_line    0x000000000000588f      0x713 ./Core/Src/system_stm32f1xx.o
 .debug_line    0x0000000000005fa2      0x87f ./Core/Src/timer.o
 .debug_line    0x0000000000006821       0x87 ./Core/Startup/startup_stm32f103rbtx.o
 .debug_line    0x00000000000068a8      0x940 ./Drivers/STM32F1xx_HAL_Driver/Src/stm32f1xx_hal.o
 .debug_line    0x00000000000071e8      0xb28 ./Drivers/STM32F1xx_HAL_Driver/Src/stm32f1xx_hal_cortex.o
 .debug_line    0x0000000000007d10      0xd98 ./Drivers/STM32F1xx_HAL_Driver/Src/stm32f1xx_hal_dma.o
 .debug_line    0x0000000000008aa8      0x9d7 ./Drivers/STM32F1xx_HAL_Driver/Src/stm32f1xx_hal_gpio.o
 .debug_line    0x000000000000947f     0x3a2a ./Drivers/STM32F1xx_HAL_Driver/Src/stm32f1xx_hal_i2c.o
 .debug_line    0x000000000000cea9      0xd4e ./Drivers/STM32F1xx_HAL_Driver/Src/stm32f1xx_hal_rcc.o
 .debug_line    0x000000000000dbf7     0x32f6 ./Drivers/STM32F1xx_HAL_Driver/Src/stm32f1xx_hal_tim.o
 .debug_line    0x0000000000010eed     0x1868 ./Drivers/STM32F1xx_HAL_Driver/Src/stm32f1xx_hal_tim_ex.o

.debug_str      0x0000000000000000    0x8a7be
 .debug_str     0x0000000000000000    0x8609c ./Core/Src/DHT.o
                                      0x864bf (size before relaxing)
 .debug_str     0x000000000008609c      0x429 ./Core/Src/ds130x.o
                                      0x864b0 (size before relaxing)
 .debug_str     0x00000000000864c5      0x895 ./Core/Src/fsm.o
                                      0x8686a (size before relaxing)
 .debug_str     0x0000000000086d5a       0x15 ./Core/Src/global.o
                                      0x82fce (size before relaxing)
 .debug_str     0x0000000000086d6f       0x72 ./Core/Src/input.o
                                      0x83149 (size before relaxing)
 .debug_str     0x0000000000086de1      0x198 ./Core/Src/lcd_i2c.o
                                      0x8680e (size before relaxing)
 .debug_str     0x0000000000086f79      0x35e ./Core/Src/main.o
                                      0x87288 (size before relaxing)
 .debug_str     0x00000000000872d7      0x36c ./Core/Src/stm32f1xx_hal_msp.o
                                      0x83b8f (size before relaxing)
 .debug_str     0x0000000000087643      0x13e ./Core/Src/stm32f1xx_it.o
                                      0x83860 (size before relaxing)
 .debug_str     0x0000000000087781      0x4da ./Core/Src/sysmem.o
                                       0x5d31 (size before relaxing)
 .debug_str     0x0000000000087c5b       0x7e ./Core/Src/system_stm32f1xx.o
                                      0x82fc4 (size before relaxing)
 .debug_str     0x0000000000087cd9       0x93 ./Core/Src/timer.o
                                      0x86418 (size before relaxing)
 .debug_str     0x0000000000087d6c       0x36 ./Core/Startup/startup_stm32f103rbtx.o
                                         0x4b (size before relaxing)
 .debug_str     0x0000000000087da2      0x37f ./Drivers/STM32F1xx_HAL_Driver/Src/stm32f1xx_hal.o
                                      0x836f7 (size before relaxing)
 .debug_str     0x0000000000088121      0x294 ./Drivers/STM32F1xx_HAL_Driver/Src/stm32f1xx_hal_cortex.o
                                      0x83643 (size before relaxing)
 .debug_str     0x00000000000883b5      0x230 ./Drivers/STM32F1xx_HAL_Driver/Src/stm32f1xx_hal_dma.o
                                      0x8336d (size before relaxing)
 .debug_str     0x00000000000885e5      0x2d0 ./Drivers/STM32F1xx_HAL_Driver/Src/stm32f1xx_hal_gpio.o
                                      0x8334a (size before relaxing)
 .debug_str     0x00000000000888b5      0xaf5 ./Drivers/STM32F1xx_HAL_Driver/Src/stm32f1xx_hal_i2c.o
                                      0x84038 (size before relaxing)
 .debug_str     0x00000000000893aa      0x209 ./Drivers/STM32F1xx_HAL_Driver/Src/stm32f1xx_hal_rcc.o
                                      0x833f3 (size before relaxing)
 .debug_str     0x00000000000895b3      0xd78 ./Drivers/STM32F1xx_HAL_Driver/Src/stm32f1xx_hal_tim.o
                                      0x843de (size before relaxing)
 .debug_str     0x000000000008a32b      0x493 ./Drivers/STM32F1xx_HAL_Driver/Src/stm32f1xx_hal_tim_ex.o
                                      0x83bfa (size before relaxing)

.comment        0x0000000000000000       0x50
 .comment       0x0000000000000000       0x50 ./Core/Src/DHT.o
                                         0x51 (size before relaxing)
 .comment       0x0000000000000050       0x51 ./Core/Src/ds130x.o
 .comment       0x0000000000000050       0x51 ./Core/Src/fsm.o
 .comment       0x0000000000000050       0x51 ./Core/Src/global.o
 .comment       0x0000000000000050       0x51 ./Core/Src/input.o
 .comment       0x0000000000000050       0x51 ./Core/Src/lcd_i2c.o
 .comment       0x0000000000000050       0x51 ./Core/Src/main.o
 .comment       0x0000000000000050       0x51 ./Core/Src/stm32f1xx_hal_msp.o
 .comment       0x0000000000000050       0x51 ./Core/Src/stm32f1xx_it.o
 .comment       0x0000000000000050       0x51 ./Core/Src/sysmem.o
 .comment       0x0000000000000050       0x51 ./Core/Src/system_stm32f1xx.o
 .comment       0x0000000000000050       0x51 ./Core/Src/timer.o
 .comment       0x0000000000000050       0x51 ./Drivers/STM32F1xx_HAL_Driver/Src/stm32f1xx_hal.o
 .comment       0x0000000000000050       0x51 ./Drivers/STM32F1xx_HAL_Driver/Src/stm32f1xx_hal_cortex.o
 .comment       0x0000000000000050       0x51 ./Drivers/STM32F1xx_HAL_Driver/Src/stm32f1xx_hal_dma.o
 .comment       0x0000000000000050       0x51 ./Drivers/STM32F1xx_HAL_Driver/Src/stm32f1xx_hal_gpio.o
 .comment       0x0000000000000050       0x51 ./Drivers/STM32F1xx_HAL_Driver/Src/stm32f1xx_hal_i2c.o
 .comment       0x0000000000000050       0x51 ./Drivers/STM32F1xx_HAL_Driver/Src/stm32f1xx_hal_rcc.o
 .comment       0x0000000000000050       0x51 ./Drivers/STM32F1xx_HAL_Driver/Src/stm32f1xx_hal_tim.o
 .comment       0x0000000000000050       0x51 ./Drivers/STM32F1xx_HAL_Driver/Src/stm32f1xx_hal_tim_ex.o

.debug_frame    0x0000000000000000     0x3f24
 .debug_frame   0x0000000000000000      0x14c ./Core/Src/DHT.o
 .debug_frame   0x000000000000014c       0xec ./Core/Src/ds130x.o
 .debug_frame   0x0000000000000238       0x90 ./Core/Src/fsm.o
 .debug_frame   0x00000000000002c8       0xcc ./Core/Src/input.o
 .debug_frame   0x0000000000000394      0x238 ./Core/Src/lcd_i2c.o
 .debug_frame   0x00000000000005cc       0xf0 ./Core/Src/main.o
 .debug_frame   0x00000000000006bc       0xc8 ./Core/Src/stm32f1xx_hal_msp.o
 .debug_frame   0x0000000000000784      0x158 ./Core/Src/stm32f1xx_it.o
 .debug_frame   0x00000000000008dc       0x34 ./Core/Src/sysmem.o
 .debug_frame   0x0000000000000910       0x58 ./Core/Src/system_stm32f1xx.o
 .debug_frame   0x0000000000000968       0xc0 ./Core/Src/timer.o
 .debug_frame   0x0000000000000a28      0x334 ./Drivers/STM32F1xx_HAL_Driver/Src/stm32f1xx_hal.o
 .debug_frame   0x0000000000000d5c      0x428 ./Drivers/STM32F1xx_HAL_Driver/Src/stm32f1xx_hal_cortex.o
 .debug_frame   0x0000000000001184      0x208 ./Drivers/STM32F1xx_HAL_Driver/Src/stm32f1xx_hal_dma.o
 .debug_frame   0x000000000000138c      0x14c ./Drivers/STM32F1xx_HAL_Driver/Src/stm32f1xx_hal_gpio.o
 .debug_frame   0x00000000000014d8      0xc5c ./Drivers/STM32F1xx_HAL_Driver/Src/stm32f1xx_hal_i2c.o
 .debug_frame   0x0000000000002134      0x21c ./Drivers/STM32F1xx_HAL_Driver/Src/stm32f1xx_hal_rcc.o
 .debug_frame   0x0000000000002350     0x11b8 ./Drivers/STM32F1xx_HAL_Driver/Src/stm32f1xx_hal_tim.o
 .debug_frame   0x0000000000003508      0x638 ./Drivers/STM32F1xx_HAL_Driver/Src/stm32f1xx_hal_tim_ex.o
 .debug_frame   0x0000000000003b40       0x20 f:/stm32_ide/stm32cubeide_1.11.2/stm32cubeide/plugins/com.st.stm32cube.ide.mcu.externaltools.gnu-tools-for-stm32.10.3-2021.10.win32_1.0.100.202210260954/tools/bin/../lib/gcc/arm-none-eabi/10.3.1/../../../../arm-none-eabi/lib/thumb/v7-m/nofp\libc_nano.a(lib_a-errno.o)
 .debug_frame   0x0000000000003b60       0x2c f:/stm32_ide/stm32cubeide_1.11.2/stm32cubeide/plugins/com.st.stm32cube.ide.mcu.externaltools.gnu-tools-for-stm32.10.3-2021.10.win32_1.0.100.202210260954/tools/bin/../lib/gcc/arm-none-eabi/10.3.1/../../../../arm-none-eabi/lib/thumb/v7-m/nofp\libc_nano.a(lib_a-init.o)
 .debug_frame   0x0000000000003b8c       0x30 f:/stm32_ide/stm32cubeide_1.11.2/stm32cubeide/plugins/com.st.stm32cube.ide.mcu.externaltools.gnu-tools-for-stm32.10.3-2021.10.win32_1.0.100.202210260954/tools/bin/../lib/gcc/arm-none-eabi/10.3.1/../../../../arm-none-eabi/lib/thumb/v7-m/nofp\libc_nano.a(lib_a-malloc.o)
 .debug_frame   0x0000000000003bbc       0x20 f:/stm32_ide/stm32cubeide_1.11.2/stm32cubeide/plugins/com.st.stm32cube.ide.mcu.externaltools.gnu-tools-for-stm32.10.3-2021.10.win32_1.0.100.202210260954/tools/bin/../lib/gcc/arm-none-eabi/10.3.1/../../../../arm-none-eabi/lib/thumb/v7-m/nofp\libc_nano.a(lib_a-memset.o)
 .debug_frame   0x0000000000003bdc       0x38 f:/stm32_ide/stm32cubeide_1.11.2/stm32cubeide/plugins/com.st.stm32cube.ide.mcu.externaltools.gnu-tools-for-stm32.10.3-2021.10.win32_1.0.100.202210260954/tools/bin/../lib/gcc/arm-none-eabi/10.3.1/../../../../arm-none-eabi/lib/thumb/v7-m/nofp\libc_nano.a(lib_a-nano-freer.o)
 .debug_frame   0x0000000000003c14       0x4c f:/stm32_ide/stm32cubeide_1.11.2/stm32cubeide/plugins/com.st.stm32cube.ide.mcu.externaltools.gnu-tools-for-stm32.10.3-2021.10.win32_1.0.100.202210260954/tools/bin/../lib/gcc/arm-none-eabi/10.3.1/../../../../arm-none-eabi/lib/thumb/v7-m/nofp\libc_nano.a(lib_a-nano-mallocr.o)
 .debug_frame   0x0000000000003c60       0x2c f:/stm32_ide/stm32cubeide_1.11.2/stm32cubeide/plugins/com.st.stm32cube.ide.mcu.externaltools.gnu-tools-for-stm32.10.3-2021.10.win32_1.0.100.202210260954/tools/bin/../lib/gcc/arm-none-eabi/10.3.1/../../../../arm-none-eabi/lib/thumb/v7-m/nofp\libc_nano.a(lib_a-sbrkr.o)
 .debug_frame   0x0000000000003c8c       0x30 f:/stm32_ide/stm32cubeide_1.11.2/stm32cubeide/plugins/com.st.stm32cube.ide.mcu.externaltools.gnu-tools-for-stm32.10.3-2021.10.win32_1.0.100.202210260954/tools/bin/../lib/gcc/arm-none-eabi/10.3.1/../../../../arm-none-eabi/lib/thumb/v7-m/nofp\libc_nano.a(lib_a-mlock.o)
 .debug_frame   0x0000000000003cbc       0x5c f:/stm32_ide/stm32cubeide_1.11.2/stm32cubeide/plugins/com.st.stm32cube.ide.mcu.externaltools.gnu-tools-for-stm32.10.3-2021.10.win32_1.0.100.202210260954/tools/bin/../lib/gcc/arm-none-eabi/10.3.1/../../../../arm-none-eabi/lib/thumb/v7-m/nofp\libc_nano.a(lib_a-reent.o)
 .debug_frame   0x0000000000003d18       0xb0 f:/stm32_ide/stm32cubeide_1.11.2/stm32cubeide/plugins/com.st.stm32cube.ide.mcu.externaltools.gnu-tools-for-stm32.10.3-2021.10.win32_1.0.100.202210260954/tools/bin/../lib/gcc/arm-none-eabi/10.3.1/../../../../arm-none-eabi/lib/thumb/v7-m/nofp\libc_nano.a(lib_a-lock.o)
 .debug_frame   0x0000000000003dc8       0x24 f:/stm32_ide/stm32cubeide_1.11.2/stm32cubeide/plugins/com.st.stm32cube.ide.mcu.externaltools.gnu-tools-for-stm32.10.3-2021.10.win32_1.0.100.202210260954/tools/bin/../lib/gcc/arm-none-eabi/10.3.1/thumb/v7-m/nofp\libgcc.a(_arm_mulsf3.o)
 .debug_frame   0x0000000000003dec       0x4c f:/stm32_ide/stm32cubeide_1.11.2/stm32cubeide/plugins/com.st.stm32cube.ide.mcu.externaltools.gnu-tools-for-stm32.10.3-2021.10.win32_1.0.100.202210260954/tools/bin/../lib/gcc/arm-none-eabi/10.3.1/thumb/v7-m/nofp\libgcc.a(_arm_addsubsf3.o)
 .debug_frame   0x0000000000003e38       0xc8 f:/stm32_ide/stm32cubeide_1.11.2/stm32cubeide/plugins/com.st.stm32cube.ide.mcu.externaltools.gnu-tools-for-stm32.10.3-2021.10.win32_1.0.100.202210260954/tools/bin/../lib/gcc/arm-none-eabi/10.3.1/thumb/v7-m/nofp\libgcc.a(_arm_cmpsf2.o)
 .debug_frame   0x0000000000003f00       0x24 f:/stm32_ide/stm32cubeide_1.11.2/stm32cubeide/plugins/com.st.stm32cube.ide.mcu.externaltools.gnu-tools-for-stm32.10.3-2021.10.win32_1.0.100.202210260954/tools/bin/../lib/gcc/arm-none-eabi/10.3.1/thumb/v7-m/nofp\libgcc.a(_arm_fixunssfsi.o)
