../Core/Src/lcd_i2c.c:18:13:Delay	16	static
../Core/Src/lcd_i2c.c:98:13:WriteI2C	32	static
../Core/Src/lcd_i2c.c:126:6:CLCD_Init	24	static
../Core/Src/lcd_i2c.c:172:6:SetCursor	24	static
../Core/Src/lcd_i2c.c:196:6:UpdateCharBuffer	16	static
../Core/Src/lcd_i2c.c:201:6:CLCD_PrintCharBuffer	16	static
../Core/Src/lcd_i2c.c:207:6:CLCD_PrintStringBuffer	16	static
../Core/Src/lcd_i2c.c:215:6:CLCD_PrintNumBuffer	24	static
../Core/Src/lcd_i2c.c:255:6:CLCD_PrintFloatBuffer	24	static
../Core/Src/lcd_i2c.c:272:6:CLCD_ClearBuffer	16	static
../Core/Src/lcd_i2c.c:278:6:CLCD_DisplayScreen	16	static
../Core/Src/lcd_i2c.c:290:6:CLCD_CreateChar	24	static
../Core/Src/lcd_i2c.c:300:6:CLCD_InitBigDigit	8	static
../Core/Src/lcd_i2c.c:310:6:CLCD_PrintBigDigitBuffer	16	static
../Core/Src/lcd_i2c.c:449:6:CLCD_PrintBigNumBuffer	16	static
